20:02:48 **** Build of project AES_bsp ****
make -k all 
"Running Make include in ps7_cortexa9_0/libsrc/axidma_v8_0/src"
make -C ps7_cortexa9_0/libsrc/axidma_v8_0/src -s include  "SHELL=CMD" "COMPILER=arm-xilinx-eabi-gcc" "ARCHIVER=arm-xilinx-eabi-ar" "COMPILER_FLAGS=  -O2 -c" "EXTRA_COMPILER_FLAGS=-g"
"Running Make include in ps7_cortexa9_0/libsrc/cpu_cortexa9_v2_0/src"
make -C ps7_cortexa9_0/libsrc/cpu_cortexa9_v2_0/src -s include  "SHELL=CMD" "COMPILER=arm-xilinx-eabi-gcc" "ARCHIVER=arm-xilinx-eabi-ar" "COMPILER_FLAGS=  -O2 -c" "EXTRA_COMPILER_FLAGS=-g"
"Running Make include in ps7_cortexa9_0/libsrc/devcfg_v3_1/src"
make -C ps7_cortexa9_0/libsrc/devcfg_v3_1/src -s include  "SHELL=CMD" "COMPILER=arm-xilinx-eabi-gcc" "ARCHIVER=arm-xilinx-eabi-ar" "COMPILER_FLAGS=  -O2 -c" "EXTRA_COMPILER_FLAGS=-g"
"Running Make include in ps7_cortexa9_0/libsrc/dmaps_v2_0/src"
make -C ps7_cortexa9_0/libsrc/dmaps_v2_0/src -s include  "SHELL=CMD" "COMPILER=arm-xilinx-eabi-gcc" "ARCHIVER=arm-xilinx-eabi-ar" "COMPILER_FLAGS=  -O2 -c" "EXTRA_COMPILER_FLAGS=-g"
"Running Make include in ps7_cortexa9_0/libsrc/emacps_v2_0/src"
make -C ps7_cortexa9_0/libsrc/emacps_v2_0/src -s include  "SHELL=CMD" "COMPILER=arm-xilinx-eabi-gcc" "ARCHIVER=arm-xilinx-eabi-ar" "COMPILER_FLAGS=  -O2 -c" "EXTRA_COMPILER_FLAGS=-g"
"Running Make include in ps7_cortexa9_0/libsrc/gpiops_v2_1/src"
make -C ps7_cortexa9_0/libsrc/gpiops_v2_1/src -s include  "SHELL=CMD" "COMPILER=arm-xilinx-eabi-gcc" "ARCHIVER=arm-xilinx-eabi-ar" "COMPILER_FLAGS=  -O2 -c" "EXTRA_COMPILER_FLAGS=-g"
"Running Make include in ps7_cortexa9_0/libsrc/qspips_v3_0/src"
make -C ps7_cortexa9_0/libsrc/qspips_v3_0/src -s include  "SHELL=CMD" "COMPILER=arm-xilinx-eabi-gcc" "ARCHIVER=arm-xilinx-eabi-ar" "COMPILER_FLAGS=  -O2 -c" "EXTRA_COMPILER_FLAGS=-g"
"Running Make include in ps7_cortexa9_0/libsrc/scugic_v2_1/src"
make -C ps7_cortexa9_0/libsrc/scugic_v2_1/src -s include  "SHELL=CMD" "COMPILER=arm-xilinx-eabi-gcc" "ARCHIVER=arm-xilinx-eabi-ar" "COMPILER_FLAGS=  -O2 -c" "EXTRA_COMPILER_FLAGS=-g"
"Running Make include in ps7_cortexa9_0/libsrc/scutimer_v2_0/src"
make -C ps7_cortexa9_0/libsrc/scutimer_v2_0/src -s include  "SHELL=CMD" "COMPILER=arm-xilinx-eabi-gcc" "ARCHIVER=arm-xilinx-eabi-ar" "COMPILER_FLAGS=  -O2 -c" "EXTRA_COMPILER_FLAGS=-g"
"Running Make include in ps7_cortexa9_0/libsrc/scuwdt_v2_0/src"
make -C ps7_cortexa9_0/libsrc/scuwdt_v2_0/src -s include  "SHELL=CMD" "COMPILER=arm-xilinx-eabi-gcc" "ARCHIVER=arm-xilinx-eabi-ar" "COMPILER_FLAGS=  -O2 -c" "EXTRA_COMPILER_FLAGS=-g"
"Running Make include in ps7_cortexa9_0/libsrc/sdps_v2_1/src"
make -C ps7_cortexa9_0/libsrc/sdps_v2_1/src -s include  "SHELL=CMD" "COMPILER=arm-xilinx-eabi-gcc" "ARCHIVER=arm-xilinx-eabi-ar" "COMPILER_FLAGS=  -O2 -c" "EXTRA_COMPILER_FLAGS=-g"
"Running Make include in ps7_cortexa9_0/libsrc/standalone_v4_1/src"
make -C ps7_cortexa9_0/libsrc/standalone_v4_1/src -s include  "SHELL=CMD" "COMPILER=arm-xilinx-eabi-gcc" "ARCHIVER=arm-xilinx-eabi-ar" "COMPILER_FLAGS=  -O2 -c" "EXTRA_COMPILER_FLAGS=-g"
"Running Make include in ps7_cortexa9_0/libsrc/tft_v5_0/src"
make -C ps7_cortexa9_0/libsrc/tft_v5_0/src -s include  "SHELL=CMD" "COMPILER=arm-xilinx-eabi-gcc" "ARCHIVER=arm-xilinx-eabi-ar" "COMPILER_FLAGS=  -O2 -c" "EXTRA_COMPILER_FLAGS=-g"
"Running Make include in ps7_cortexa9_0/libsrc/ttcps_v2_0/src"
make -C ps7_cortexa9_0/libsrc/ttcps_v2_0/src -s include  "SHELL=CMD" "COMPILER=arm-xilinx-eabi-gcc" "ARCHIVER=arm-xilinx-eabi-ar" "COMPILER_FLAGS=  -O2 -c" "EXTRA_COMPILER_FLAGS=-g"
"Running Make include in ps7_cortexa9_0/libsrc/uartps_v2_1/src"
make -C ps7_cortexa9_0/libsrc/uartps_v2_1/src -s include  "SHELL=CMD" "COMPILER=arm-xilinx-eabi-gcc" "ARCHIVER=arm-xilinx-eabi-ar" "COMPILER_FLAGS=  -O2 -c" "EXTRA_COMPILER_FLAGS=-g"
"Running Make include in ps7_cortexa9_0/libsrc/usbps_v2_1/src"
make -C ps7_cortexa9_0/libsrc/usbps_v2_1/src -s include  "SHELL=CMD" "COMPILER=arm-xilinx-eabi-gcc" "ARCHIVER=arm-xilinx-eabi-ar" "COMPILER_FLAGS=  -O2 -c" "EXTRA_COMPILER_FLAGS=-g"
"Running Make include in ps7_cortexa9_0/libsrc/xadcps_v2_0/src"
make -C ps7_cortexa9_0/libsrc/xadcps_v2_0/src -s include  "SHELL=CMD" "COMPILER=arm-xilinx-eabi-gcc" "ARCHIVER=arm-xilinx-eabi-ar" "COMPILER_FLAGS=  -O2 -c" "EXTRA_COMPILER_FLAGS=-g"
"Running Make libs in ps7_cortexa9_0/libsrc/axidma_v8_0/src"
make -C ps7_cortexa9_0/libsrc/axidma_v8_0/src -s libs  "SHELL=CMD" "COMPILER=arm-xilinx-eabi-gcc" "ARCHIVER=arm-xilinx-eabi-ar" "COMPILER_FLAGS=  -O2 -c" "EXTRA_COMPILER_FLAGS=-g"
"Compiling axidma"
arm-xilinx-eabi-ar: creating ../../../lib/libxil.a
"Running Make libs in ps7_cortexa9_0/libsrc/cpu_cortexa9_v2_0/src"
make -C ps7_cortexa9_0/libsrc/cpu_cortexa9_v2_0/src -s libs  "SHELL=CMD" "COMPILER=arm-xilinx-eabi-gcc" "ARCHIVER=arm-xilinx-eabi-ar" "COMPILER_FLAGS=  -O2 -c" "EXTRA_COMPILER_FLAGS=-g"
"Compiling cpu_cortexa9"
"Running Make libs in ps7_cortexa9_0/libsrc/devcfg_v3_1/src"
make -C ps7_cortexa9_0/libsrc/devcfg_v3_1/src -s libs  "SHELL=CMD" "COMPILER=arm-xilinx-eabi-gcc" "ARCHIVER=arm-xilinx-eabi-ar" "COMPILER_FLAGS=  -O2 -c" "EXTRA_COMPILER_FLAGS=-g"
"Compiling devcfg"
"Running Make libs in ps7_cortexa9_0/libsrc/dmaps_v2_0/src"
make -C ps7_cortexa9_0/libsrc/dmaps_v2_0/src -s libs  "SHELL=CMD" "COMPILER=arm-xilinx-eabi-gcc" "ARCHIVER=arm-xilinx-eabi-ar" "COMPILER_FLAGS=  -O2 -c" "EXTRA_COMPILER_FLAGS=-g"
"Compiling dmaps"
"Running Make libs in ps7_cortexa9_0/libsrc/emacps_v2_0/src"
make -C ps7_cortexa9_0/libsrc/emacps_v2_0/src -s libs  "SHELL=CMD" "COMPILER=arm-xilinx-eabi-gcc" "ARCHIVER=arm-xilinx-eabi-ar" "COMPILER_FLAGS=  -O2 -c" "EXTRA_COMPILER_FLAGS=-g"
"Compiling emacps"
"Running Make libs in ps7_cortexa9_0/libsrc/gpiops_v2_1/src"
make -C ps7_cortexa9_0/libsrc/gpiops_v2_1/src -s libs  "SHELL=CMD" "COMPILER=arm-xilinx-eabi-gcc" "ARCHIVER=arm-xilinx-eabi-ar" "COMPILER_FLAGS=  -O2 -c" "EXTRA_COMPILER_FLAGS=-g"
"Compiling gpiops"
"Running Make libs in ps7_cortexa9_0/libsrc/qspips_v3_0/src"
make -C ps7_cortexa9_0/libsrc/qspips_v3_0/src -s libs  "SHELL=CMD" "COMPILER=arm-xilinx-eabi-gcc" "ARCHIVER=arm-xilinx-eabi-ar" "COMPILER_FLAGS=  -O2 -c" "EXTRA_COMPILER_FLAGS=-g"
"Compiling qspips"
"Running Make libs in ps7_cortexa9_0/libsrc/scugic_v2_1/src"
make -C ps7_cortexa9_0/libsrc/scugic_v2_1/src -s libs  "SHELL=CMD" "COMPILER=arm-xilinx-eabi-gcc" "ARCHIVER=arm-xilinx-eabi-ar" "COMPILER_FLAGS=  -O2 -c" "EXTRA_COMPILER_FLAGS=-g"
"Compiling scugic"
"Running Make libs in ps7_cortexa9_0/libsrc/scutimer_v2_0/src"
make -C ps7_cortexa9_0/libsrc/scutimer_v2_0/src -s libs  "SHELL=CMD" "COMPILER=arm-xilinx-eabi-gcc" "ARCHIVER=arm-xilinx-eabi-ar" "COMPILER_FLAGS=  -O2 -c" "EXTRA_COMPILER_FLAGS=-g"
"Compiling scutimer"
"Running Make libs in ps7_cortexa9_0/libsrc/scuwdt_v2_0/src"
make -C ps7_cortexa9_0/libsrc/scuwdt_v2_0/src -s libs  "SHELL=CMD" "COMPILER=arm-xilinx-eabi-gcc" "ARCHIVER=arm-xilinx-eabi-ar" "COMPILER_FLAGS=  -O2 -c" "EXTRA_COMPILER_FLAGS=-g"
"Compiling scuwdt"
"Running Make libs in ps7_cortexa9_0/libsrc/sdps_v2_1/src"
make -C ps7_cortexa9_0/libsrc/sdps_v2_1/src -s libs  "SHELL=CMD" "COMPILER=arm-xilinx-eabi-gcc" "ARCHIVER=arm-xilinx-eabi-ar" "COMPILER_FLAGS=  -O2 -c" "EXTRA_COMPILER_FLAGS=-g"
"Compiling sdps"
"Running Make libs in ps7_cortexa9_0/libsrc/standalone_v4_1/src"
make -C ps7_cortexa9_0/libsrc/standalone_v4_1/src -s libs  "SHELL=CMD" "COMPILER=arm-xilinx-eabi-gcc" "ARCHIVER=arm-xilinx-eabi-ar" "COMPILER_FLAGS=  -O2 -c" "EXTRA_COMPILER_FLAGS=-g"
"Compiling standalone"
"Running Make libs in ps7_cortexa9_0/libsrc/tft_v5_0/src"
make -C ps7_cortexa9_0/libsrc/tft_v5_0/src -s libs  "SHELL=CMD" "COMPILER=arm-xilinx-eabi-gcc" "ARCHIVER=arm-xilinx-eabi-ar" "COMPILER_FLAGS=  -O2 -c" "EXTRA_COMPILER_FLAGS=-g"
"Compiling tft"
"Running Make libs in ps7_cortexa9_0/libsrc/ttcps_v2_0/src"
make -C ps7_cortexa9_0/libsrc/ttcps_v2_0/src -s libs  "SHELL=CMD" "COMPILER=arm-xilinx-eabi-gcc" "ARCHIVER=arm-xilinx-eabi-ar" "COMPILER_FLAGS=  -O2 -c" "EXTRA_COMPILER_FLAGS=-g"
"Compiling ttcps"
"Running Make libs in ps7_cortexa9_0/libsrc/uartps_v2_1/src"
make -C ps7_cortexa9_0/libsrc/uartps_v2_1/src -s libs  "SHELL=CMD" "COMPILER=arm-xilinx-eabi-gcc" "ARCHIVER=arm-xilinx-eabi-ar" "COMPILER_FLAGS=  -O2 -c" "EXTRA_COMPILER_FLAGS=-g"
"Compiling uartps"
"Running Make libs in ps7_cortexa9_0/libsrc/usbps_v2_1/src"
make -C ps7_cortexa9_0/libsrc/usbps_v2_1/src -s libs  "SHELL=CMD" "COMPILER=arm-xilinx-eabi-gcc" "ARCHIVER=arm-xilinx-eabi-ar" "COMPILER_FLAGS=  -O2 -c" "EXTRA_COMPILER_FLAGS=-g"
"Compiling usbps"
"Running Make libs in ps7_cortexa9_0/libsrc/xadcps_v2_0/src"
make -C ps7_cortexa9_0/libsrc/xadcps_v2_0/src -s libs  "SHELL=CMD" "COMPILER=arm-xilinx-eabi-gcc" "ARCHIVER=arm-xilinx-eabi-ar" "COMPILER_FLAGS=  -O2 -c" "EXTRA_COMPILER_FLAGS=-g"
"Compiling xadcps"
'Finished building libraries'
20:05:08 **** Build of configuration Debug for project AES ****
make all 
'Building file: ../src/lab3_coprocessor.c'
'Invoking: ARM gcc compiler'
arm-xilinx-eabi-gcc -Wall -O0 -g3 -c -fmessage-length=0 -I../../AES_bsp/ps7_cortexa9_0/include -MMD -MP -MF"src/lab3_coprocessor.d" -MT"src/lab3_coprocessor.d" -o "src/lab3_coprocessor.o" "../src/lab3_coprocessor.c"
'Finished building: ../src/lab3_coprocessor.c'
' '
'Building target: AES.elf'
'Invoking: ARM gcc linker'
arm-xilinx-eabi-gcc -Wl,-T -Wl,../src/lscript.ld -L../../AES_bsp/ps7_cortexa9_0/lib -o "AES.elf"  ./src/lab3_coprocessor.o   -Wl,--start-group,-lxil,-lgcc,-lc,--end-group
'Finished building target: AES.elf'
' '
'Invoking: ARM Print Size'
arm-xilinx-eabi-size AES.elf  |tee "AES.elf.size"
   text	   data	    bss	    dec	    hex	filename
  32300	   1160	  31444	  64904	   fd88	AES.elf
'Finished building: AES.elf.size'
' '
20:06:21 **** Incremental Build of configuration Debug for project AES ****
make all 
make: Nothing to be done for `all'.
02:20:04 **** Auto Build of configuration Debug for project AES ****
make all 
'Building file: ../src/lab3_coprocessor.c'
'Invoking: ARM gcc compiler'
arm-xilinx-eabi-gcc -Wall -O0 -g3 -c -fmessage-length=0 -I../../AES_bsp/ps7_cortexa9_0/include -MMD -MP -MF"src/lab3_coprocessor.d" -MT"src/lab3_coprocessor.d" -o "src/lab3_coprocessor.o" "../src/lab3_coprocessor.c"
'Finished building: ../src/lab3_coprocessor.c'
' '
'Building target: AES.elf'
'Invoking: ARM gcc linker'
arm-xilinx-eabi-gcc -Wl,-T -Wl,../src/lscript.ld -L../../AES_bsp/ps7_cortexa9_0/lib -o "AES.elf"  ./src/lab3_coprocessor.o   -Wl,--start-group,-lxil,-lgcc,-lc,--end-group
'Finished building target: AES.elf'
' '
'Invoking: ARM Print Size'
arm-xilinx-eabi-size AES.elf  |tee "AES.elf.size"
   text	   data	    bss	    dec	    hex	filename
  32492	   1160	  31444	  65096	   fe48	AES.elf
'Finished building: AES.elf.size'
' '
02:20:36 **** Auto Build of configuration Debug for project AES ****
make all 
'Building file: ../src/lab3_coprocessor.c'
'Invoking: ARM gcc compiler'
arm-xilinx-eabi-gcc -Wall -O0 -g3 -c -fmessage-length=0 -I../../AES_bsp/ps7_cortexa9_0/include -MMD -MP -MF"src/lab3_coprocessor.d" -MT"src/lab3_coprocessor.d" -o "src/lab3_coprocessor.o" "../src/lab3_coprocessor.c"
'Finished building: ../src/lab3_coprocessor.c'
' '
'Building target: AES.elf'
'Invoking: ARM gcc linker'
arm-xilinx-eabi-gcc -Wl,-T -Wl,../src/lscript.ld -L../../AES_bsp/ps7_cortexa9_0/lib -o "AES.elf"  ./src/lab3_coprocessor.o   -Wl,--start-group,-lxil,-lgcc,-lc,--end-group
'Finished building target: AES.elf'
' '
'Invoking: ARM Print Size'
arm-xilinx-eabi-size AES.elf  |tee "AES.elf.size"
   text	   data	    bss	    dec	    hex	filename
  32556	   1160	  31444	  65160	   fe88	AES.elf
'Finished building: AES.elf.size'
' '
02:20:40 **** Incremental Build of configuration Debug for project AES ****
make all 
make: Nothing to be done for `all'.
02:22:13 **** Auto Build of configuration Debug for project AES ****
make all 
'Building file: ../src/lab3_coprocessor.c'
'Invoking: ARM gcc compiler'
arm-xilinx-eabi-gcc -Wall -O0 -g3 -c -fmessage-length=0 -I../../AES_bsp/ps7_cortexa9_0/include -MMD -MP -MF"src/lab3_coprocessor.d" -MT"src/lab3_coprocessor.d" -o "src/lab3_coprocessor.o" "../src/lab3_coprocessor.c"
'Finished building: ../src/lab3_coprocessor.c'
' '
'Building target: AES.elf'
'Invoking: ARM gcc linker'
arm-xilinx-eabi-gcc -Wl,-T -Wl,../src/lscript.ld -L../../AES_bsp/ps7_cortexa9_0/lib -o "AES.elf"  ./src/lab3_coprocessor.o   -Wl,--start-group,-lxil,-lgcc,-lc,--end-group
'Finished building target: AES.elf'
' '
'Invoking: ARM Print Size'
arm-xilinx-eabi-size AES.elf  |tee "AES.elf.size"
   text	   data	    bss	    dec	    hex	filename
  32616	   1160	  31444	  65220	   fec4	AES.elf
'Finished building: AES.elf.size'
' '
02:22:31 **** Incremental Build of configuration Debug for project AES ****
make all 
make: Nothing to be done for `all'.
03:03:34 **** Auto Build of project AES_bsp ****
make -k all 
"Running Make include in ps7_cortexa9_0/libsrc/axidma_v8_0/src"
make -C ps7_cortexa9_0/libsrc/axidma_v8_0/src -s include  "SHELL=CMD" "COMPILER=arm-xilinx-eabi-gcc" "ARCHIVER=arm-xilinx-eabi-ar" "COMPILER_FLAGS=  -O2 -c" "EXTRA_COMPILER_FLAGS=-g"
"Running Make include in ps7_cortexa9_0/libsrc/cpu_cortexa9_v2_0/src"
make -C ps7_cortexa9_0/libsrc/cpu_cortexa9_v2_0/src -s include  "SHELL=CMD" "COMPILER=arm-xilinx-eabi-gcc" "ARCHIVER=arm-xilinx-eabi-ar" "COMPILER_FLAGS=  -O2 -c" "EXTRA_COMPILER_FLAGS=-g"
"Running Make include in ps7_cortexa9_0/libsrc/devcfg_v3_1/src"
make -C ps7_cortexa9_0/libsrc/devcfg_v3_1/src -s include  "SHELL=CMD" "COMPILER=arm-xilinx-eabi-gcc" "ARCHIVER=arm-xilinx-eabi-ar" "COMPILER_FLAGS=  -O2 -c" "EXTRA_COMPILER_FLAGS=-g"
"Running Make include in ps7_cortexa9_0/libsrc/dmaps_v2_0/src"
make -C ps7_cortexa9_0/libsrc/dmaps_v2_0/src -s include  "SHELL=CMD" "COMPILER=arm-xilinx-eabi-gcc" "ARCHIVER=arm-xilinx-eabi-ar" "COMPILER_FLAGS=  -O2 -c" "EXTRA_COMPILER_FLAGS=-g"
"Running Make include in ps7_cortexa9_0/libsrc/emacps_v2_0/src"
make -C ps7_cortexa9_0/libsrc/emacps_v2_0/src -s include  "SHELL=CMD" "COMPILER=arm-xilinx-eabi-gcc" "ARCHIVER=arm-xilinx-eabi-ar" "COMPILER_FLAGS=  -O2 -c" "EXTRA_COMPILER_FLAGS=-g"
"Running Make include in ps7_cortexa9_0/libsrc/gpiops_v2_1/src"
make -C ps7_cortexa9_0/libsrc/gpiops_v2_1/src -s include  "SHELL=CMD" "COMPILER=arm-xilinx-eabi-gcc" "ARCHIVER=arm-xilinx-eabi-ar" "COMPILER_FLAGS=  -O2 -c" "EXTRA_COMPILER_FLAGS=-g"
"Running Make include in ps7_cortexa9_0/libsrc/qspips_v3_0/src"
make -C ps7_cortexa9_0/libsrc/qspips_v3_0/src -s include  "SHELL=CMD" "COMPILER=arm-xilinx-eabi-gcc" "ARCHIVER=arm-xilinx-eabi-ar" "COMPILER_FLAGS=  -O2 -c" "EXTRA_COMPILER_FLAGS=-g"
"Running Make include in ps7_cortexa9_0/libsrc/scugic_v2_1/src"
make -C ps7_cortexa9_0/libsrc/scugic_v2_1/src -s include  "SHELL=CMD" "COMPILER=arm-xilinx-eabi-gcc" "ARCHIVER=arm-xilinx-eabi-ar" "COMPILER_FLAGS=  -O2 -c" "EXTRA_COMPILER_FLAGS=-g"
"Running Make include in ps7_cortexa9_0/libsrc/scutimer_v2_0/src"
make -C ps7_cortexa9_0/libsrc/scutimer_v2_0/src -s include  "SHELL=CMD" "COMPILER=arm-xilinx-eabi-gcc" "ARCHIVER=arm-xilinx-eabi-ar" "COMPILER_FLAGS=  -O2 -c" "EXTRA_COMPILER_FLAGS=-g"
"Running Make include in ps7_cortexa9_0/libsrc/scuwdt_v2_0/src"
make -C ps7_cortexa9_0/libsrc/scuwdt_v2_0/src -s include  "SHELL=CMD" "COMPILER=arm-xilinx-eabi-gcc" "ARCHIVER=arm-xilinx-eabi-ar" "COMPILER_FLAGS=  -O2 -c" "EXTRA_COMPILER_FLAGS=-g"
"Running Make include in ps7_cortexa9_0/libsrc/sdps_v2_1/src"
make -C ps7_cortexa9_0/libsrc/sdps_v2_1/src -s include  "SHELL=CMD" "COMPILER=arm-xilinx-eabi-gcc" "ARCHIVER=arm-xilinx-eabi-ar" "COMPILER_FLAGS=  -O2 -c" "EXTRA_COMPILER_FLAGS=-g"
"Running Make include in ps7_cortexa9_0/libsrc/standalone_v4_1/src"
make -C ps7_cortexa9_0/libsrc/standalone_v4_1/src -s include  "SHELL=CMD" "COMPILER=arm-xilinx-eabi-gcc" "ARCHIVER=arm-xilinx-eabi-ar" "COMPILER_FLAGS=  -O2 -c" "EXTRA_COMPILER_FLAGS=-g"
"Running Make include in ps7_cortexa9_0/libsrc/tft_v5_0/src"
make -C ps7_cortexa9_0/libsrc/tft_v5_0/src -s include  "SHELL=CMD" "COMPILER=arm-xilinx-eabi-gcc" "ARCHIVER=arm-xilinx-eabi-ar" "COMPILER_FLAGS=  -O2 -c" "EXTRA_COMPILER_FLAGS=-g"
"Running Make include in ps7_cortexa9_0/libsrc/ttcps_v2_0/src"
make -C ps7_cortexa9_0/libsrc/ttcps_v2_0/src -s include  "SHELL=CMD" "COMPILER=arm-xilinx-eabi-gcc" "ARCHIVER=arm-xilinx-eabi-ar" "COMPILER_FLAGS=  -O2 -c" "EXTRA_COMPILER_FLAGS=-g"
"Running Make include in ps7_cortexa9_0/libsrc/uartps_v2_1/src"
make -C ps7_cortexa9_0/libsrc/uartps_v2_1/src -s include  "SHELL=CMD" "COMPILER=arm-xilinx-eabi-gcc" "ARCHIVER=arm-xilinx-eabi-ar" "COMPILER_FLAGS=  -O2 -c" "EXTRA_COMPILER_FLAGS=-g"
"Running Make include in ps7_cortexa9_0/libsrc/usbps_v2_1/src"
make -C ps7_cortexa9_0/libsrc/usbps_v2_1/src -s include  "SHELL=CMD" "COMPILER=arm-xilinx-eabi-gcc" "ARCHIVER=arm-xilinx-eabi-ar" "COMPILER_FLAGS=  -O2 -c" "EXTRA_COMPILER_FLAGS=-g"
"Running Make include in ps7_cortexa9_0/libsrc/xadcps_v2_0/src"
make -C ps7_cortexa9_0/libsrc/xadcps_v2_0/src -s include  "SHELL=CMD" "COMPILER=arm-xilinx-eabi-gcc" "ARCHIVER=arm-xilinx-eabi-ar" "COMPILER_FLAGS=  -O2 -c" "EXTRA_COMPILER_FLAGS=-g"
"Running Make libs in ps7_cortexa9_0/libsrc/axidma_v8_0/src"
make -C ps7_cortexa9_0/libsrc/axidma_v8_0/src -s libs  "SHELL=CMD" "COMPILER=arm-xilinx-eabi-gcc" "ARCHIVER=arm-xilinx-eabi-ar" "COMPILER_FLAGS=  -O2 -c" "EXTRA_COMPILER_FLAGS=-g"
"Compiling axidma"
"Running Make libs in ps7_cortexa9_0/libsrc/cpu_cortexa9_v2_0/src"
make -C ps7_cortexa9_0/libsrc/cpu_cortexa9_v2_0/src -s libs  "SHELL=CMD" "COMPILER=arm-xilinx-eabi-gcc" "ARCHIVER=arm-xilinx-eabi-ar" "COMPILER_FLAGS=  -O2 -c" "EXTRA_COMPILER_FLAGS=-g"
"Compiling cpu_cortexa9"
"Running Make libs in ps7_cortexa9_0/libsrc/devcfg_v3_1/src"
make -C ps7_cortexa9_0/libsrc/devcfg_v3_1/src -s libs  "SHELL=CMD" "COMPILER=arm-xilinx-eabi-gcc" "ARCHIVER=arm-xilinx-eabi-ar" "COMPILER_FLAGS=  -O2 -c" "EXTRA_COMPILER_FLAGS=-g"
"Compiling devcfg"
"Running Make libs in ps7_cortexa9_0/libsrc/dmaps_v2_0/src"
make -C ps7_cortexa9_0/libsrc/dmaps_v2_0/src -s libs  "SHELL=CMD" "COMPILER=arm-xilinx-eabi-gcc" "ARCHIVER=arm-xilinx-eabi-ar" "COMPILER_FLAGS=  -O2 -c" "EXTRA_COMPILER_FLAGS=-g"
"Compiling dmaps"
"Running Make libs in ps7_cortexa9_0/libsrc/emacps_v2_0/src"
make -C ps7_cortexa9_0/libsrc/emacps_v2_0/src -s libs  "SHELL=CMD" "COMPILER=arm-xilinx-eabi-gcc" "ARCHIVER=arm-xilinx-eabi-ar" "COMPILER_FLAGS=  -O2 -c" "EXTRA_COMPILER_FLAGS=-g"
"Compiling emacps"
"Running Make libs in ps7_cortexa9_0/libsrc/gpiops_v2_1/src"
make -C ps7_cortexa9_0/libsrc/gpiops_v2_1/src -s libs  "SHELL=CMD" "COMPILER=arm-xilinx-eabi-gcc" "ARCHIVER=arm-xilinx-eabi-ar" "COMPILER_FLAGS=  -O2 -c" "EXTRA_COMPILER_FLAGS=-g"
"Compiling gpiops"
"Running Make libs in ps7_cortexa9_0/libsrc/qspips_v3_0/src"
make -C ps7_cortexa9_0/libsrc/qspips_v3_0/src -s libs  "SHELL=CMD" "COMPILER=arm-xilinx-eabi-gcc" "ARCHIVER=arm-xilinx-eabi-ar" "COMPILER_FLAGS=  -O2 -c" "EXTRA_COMPILER_FLAGS=-g"
"Compiling qspips"
"Running Make libs in ps7_cortexa9_0/libsrc/scugic_v2_1/src"
make -C ps7_cortexa9_0/libsrc/scugic_v2_1/src -s libs  "SHELL=CMD" "COMPILER=arm-xilinx-eabi-gcc" "ARCHIVER=arm-xilinx-eabi-ar" "COMPILER_FLAGS=  -O2 -c" "EXTRA_COMPILER_FLAGS=-g"
"Compiling scugic"
"Running Make libs in ps7_cortexa9_0/libsrc/scutimer_v2_0/src"
make -C ps7_cortexa9_0/libsrc/scutimer_v2_0/src -s libs  "SHELL=CMD" "COMPILER=arm-xilinx-eabi-gcc" "ARCHIVER=arm-xilinx-eabi-ar" "COMPILER_FLAGS=  -O2 -c" "EXTRA_COMPILER_FLAGS=-g"
"Compiling scutimer"
"Running Make libs in ps7_cortexa9_0/libsrc/scuwdt_v2_0/src"
make -C ps7_cortexa9_0/libsrc/scuwdt_v2_0/src -s libs  "SHELL=CMD" "COMPILER=arm-xilinx-eabi-gcc" "ARCHIVER=arm-xilinx-eabi-ar" "COMPILER_FLAGS=  -O2 -c" "EXTRA_COMPILER_FLAGS=-g"
"Compiling scuwdt"
"Running Make libs in ps7_cortexa9_0/libsrc/sdps_v2_1/src"
make -C ps7_cortexa9_0/libsrc/sdps_v2_1/src -s libs  "SHELL=CMD" "COMPILER=arm-xilinx-eabi-gcc" "ARCHIVER=arm-xilinx-eabi-ar" "COMPILER_FLAGS=  -O2 -c" "EXTRA_COMPILER_FLAGS=-g"
"Compiling sdps"
"Running Make libs in ps7_cortexa9_0/libsrc/standalone_v4_1/src"
make -C ps7_cortexa9_0/libsrc/standalone_v4_1/src -s libs  "SHELL=CMD" "COMPILER=arm-xilinx-eabi-gcc" "ARCHIVER=arm-xilinx-eabi-ar" "COMPILER_FLAGS=  -O2 -c" "EXTRA_COMPILER_FLAGS=-g"
"Compiling standalone"
"Running Make libs in ps7_cortexa9_0/libsrc/tft_v5_0/src"
make -C ps7_cortexa9_0/libsrc/tft_v5_0/src -s libs  "SHELL=CMD" "COMPILER=arm-xilinx-eabi-gcc" "ARCHIVER=arm-xilinx-eabi-ar" "COMPILER_FLAGS=  -O2 -c" "EXTRA_COMPILER_FLAGS=-g"
"Compiling tft"
"Running Make libs in ps7_cortexa9_0/libsrc/ttcps_v2_0/src"
make -C ps7_cortexa9_0/libsrc/ttcps_v2_0/src -s libs  "SHELL=CMD" "COMPILER=arm-xilinx-eabi-gcc" "ARCHIVER=arm-xilinx-eabi-ar" "COMPILER_FLAGS=  -O2 -c" "EXTRA_COMPILER_FLAGS=-g"
"Compiling ttcps"
"Running Make libs in ps7_cortexa9_0/libsrc/uartps_v2_1/src"
make -C ps7_cortexa9_0/libsrc/uartps_v2_1/src -s libs  "SHELL=CMD" "COMPILER=arm-xilinx-eabi-gcc" "ARCHIVER=arm-xilinx-eabi-ar" "COMPILER_FLAGS=  -O2 -c" "EXTRA_COMPILER_FLAGS=-g"
"Compiling uartps"
"Running Make libs in ps7_cortexa9_0/libsrc/usbps_v2_1/src"
make -C ps7_cortexa9_0/libsrc/usbps_v2_1/src -s libs  "SHELL=CMD" "COMPILER=arm-xilinx-eabi-gcc" "ARCHIVER=arm-xilinx-eabi-ar" "COMPILER_FLAGS=  -O2 -c" "EXTRA_COMPILER_FLAGS=-g"
"Compiling usbps"
"Running Make libs in ps7_cortexa9_0/libsrc/xadcps_v2_0/src"
make -C ps7_cortexa9_0/libsrc/xadcps_v2_0/src -s libs  "SHELL=CMD" "COMPILER=arm-xilinx-eabi-gcc" "ARCHIVER=arm-xilinx-eabi-ar" "COMPILER_FLAGS=  -O2 -c" "EXTRA_COMPILER_FLAGS=-g"
"Compiling xadcps"
'Finished building libraries'
03:05:07 **** Auto Build of project AES_bsp ****
make -k all 
"Running Make include in ps7_cortexa9_0/libsrc/axidma_v8_0/src"
make -C ps7_cortexa9_0/libsrc/axidma_v8_0/src -s include  "SHELL=CMD" "COMPILER=arm-xilinx-eabi-gcc" "ARCHIVER=arm-xilinx-eabi-ar" "COMPILER_FLAGS=  -O2 -c" "EXTRA_COMPILER_FLAGS=-g"
"Running Make include in ps7_cortexa9_0/libsrc/cpu_cortexa9_v2_0/src"
make -C ps7_cortexa9_0/libsrc/cpu_cortexa9_v2_0/src -s include  "SHELL=CMD" "COMPILER=arm-xilinx-eabi-gcc" "ARCHIVER=arm-xilinx-eabi-ar" "COMPILER_FLAGS=  -O2 -c" "EXTRA_COMPILER_FLAGS=-g"
"Running Make include in ps7_cortexa9_0/libsrc/devcfg_v3_1/src"
make -C ps7_cortexa9_0/libsrc/devcfg_v3_1/src -s include  "SHELL=CMD" "COMPILER=arm-xilinx-eabi-gcc" "ARCHIVER=arm-xilinx-eabi-ar" "COMPILER_FLAGS=  -O2 -c" "EXTRA_COMPILER_FLAGS=-g"
"Running Make include in ps7_cortexa9_0/libsrc/dmaps_v2_0/src"
make -C ps7_cortexa9_0/libsrc/dmaps_v2_0/src -s include  "SHELL=CMD" "COMPILER=arm-xilinx-eabi-gcc" "ARCHIVER=arm-xilinx-eabi-ar" "COMPILER_FLAGS=  -O2 -c" "EXTRA_COMPILER_FLAGS=-g"
"Running Make include in ps7_cortexa9_0/libsrc/emacps_v2_0/src"
make -C ps7_cortexa9_0/libsrc/emacps_v2_0/src -s include  "SHELL=CMD" "COMPILER=arm-xilinx-eabi-gcc" "ARCHIVER=arm-xilinx-eabi-ar" "COMPILER_FLAGS=  -O2 -c" "EXTRA_COMPILER_FLAGS=-g"
"Running Make include in ps7_cortexa9_0/libsrc/gpiops_v2_1/src"
make -C ps7_cortexa9_0/libsrc/gpiops_v2_1/src -s include  "SHELL=CMD" "COMPILER=arm-xilinx-eabi-gcc" "ARCHIVER=arm-xilinx-eabi-ar" "COMPILER_FLAGS=  -O2 -c" "EXTRA_COMPILER_FLAGS=-g"
"Running Make include in ps7_cortexa9_0/libsrc/qspips_v3_0/src"
make -C ps7_cortexa9_0/libsrc/qspips_v3_0/src -s include  "SHELL=CMD" "COMPILER=arm-xilinx-eabi-gcc" "ARCHIVER=arm-xilinx-eabi-ar" "COMPILER_FLAGS=  -O2 -c" "EXTRA_COMPILER_FLAGS=-g"
"Running Make include in ps7_cortexa9_0/libsrc/scugic_v2_1/src"
make -C ps7_cortexa9_0/libsrc/scugic_v2_1/src -s include  "SHELL=CMD" "COMPILER=arm-xilinx-eabi-gcc" "ARCHIVER=arm-xilinx-eabi-ar" "COMPILER_FLAGS=  -O2 -c" "EXTRA_COMPILER_FLAGS=-g"
"Running Make include in ps7_cortexa9_0/libsrc/scutimer_v2_0/src"
make -C ps7_cortexa9_0/libsrc/scutimer_v2_0/src -s include  "SHELL=CMD" "COMPILER=arm-xilinx-eabi-gcc" "ARCHIVER=arm-xilinx-eabi-ar" "COMPILER_FLAGS=  -O2 -c" "EXTRA_COMPILER_FLAGS=-g"
"Running Make include in ps7_cortexa9_0/libsrc/scuwdt_v2_0/src"
make -C ps7_cortexa9_0/libsrc/scuwdt_v2_0/src -s include  "SHELL=CMD" "COMPILER=arm-xilinx-eabi-gcc" "ARCHIVER=arm-xilinx-eabi-ar" "COMPILER_FLAGS=  -O2 -c" "EXTRA_COMPILER_FLAGS=-g"
"Running Make include in ps7_cortexa9_0/libsrc/sdps_v2_1/src"
make -C ps7_cortexa9_0/libsrc/sdps_v2_1/src -s include  "SHELL=CMD" "COMPILER=arm-xilinx-eabi-gcc" "ARCHIVER=arm-xilinx-eabi-ar" "COMPILER_FLAGS=  -O2 -c" "EXTRA_COMPILER_FLAGS=-g"
"Running Make include in ps7_cortexa9_0/libsrc/standalone_v4_1/src"
make -C ps7_cortexa9_0/libsrc/standalone_v4_1/src -s include  "SHELL=CMD" "COMPILER=arm-xilinx-eabi-gcc" "ARCHIVER=arm-xilinx-eabi-ar" "COMPILER_FLAGS=  -O2 -c" "EXTRA_COMPILER_FLAGS=-g"
"Running Make include in ps7_cortexa9_0/libsrc/tft_v5_0/src"
make -C ps7_cortexa9_0/libsrc/tft_v5_0/src -s include  "SHELL=CMD" "COMPILER=arm-xilinx-eabi-gcc" "ARCHIVER=arm-xilinx-eabi-ar" "COMPILER_FLAGS=  -O2 -c" "EXTRA_COMPILER_FLAGS=-g"
"Running Make include in ps7_cortexa9_0/libsrc/ttcps_v2_0/src"
make -C ps7_cortexa9_0/libsrc/ttcps_v2_0/src -s include  "SHELL=CMD" "COMPILER=arm-xilinx-eabi-gcc" "ARCHIVER=arm-xilinx-eabi-ar" "COMPILER_FLAGS=  -O2 -c" "EXTRA_COMPILER_FLAGS=-g"
"Running Make include in ps7_cortexa9_0/libsrc/uartps_v2_1/src"
make -C ps7_cortexa9_0/libsrc/uartps_v2_1/src -s include  "SHELL=CMD" "COMPILER=arm-xilinx-eabi-gcc" "ARCHIVER=arm-xilinx-eabi-ar" "COMPILER_FLAGS=  -O2 -c" "EXTRA_COMPILER_FLAGS=-g"
"Running Make include in ps7_cortexa9_0/libsrc/usbps_v2_1/src"
make -C ps7_cortexa9_0/libsrc/usbps_v2_1/src -s include  "SHELL=CMD" "COMPILER=arm-xilinx-eabi-gcc" "ARCHIVER=arm-xilinx-eabi-ar" "COMPILER_FLAGS=  -O2 -c" "EXTRA_COMPILER_FLAGS=-g"
"Running Make include in ps7_cortexa9_0/libsrc/xadcps_v2_0/src"
make -C ps7_cortexa9_0/libsrc/xadcps_v2_0/src -s include  "SHELL=CMD" "COMPILER=arm-xilinx-eabi-gcc" "ARCHIVER=arm-xilinx-eabi-ar" "COMPILER_FLAGS=  -O2 -c" "EXTRA_COMPILER_FLAGS=-g"
"Running Make libs in ps7_cortexa9_0/libsrc/axidma_v8_0/src"
make -C ps7_cortexa9_0/libsrc/axidma_v8_0/src -s libs  "SHELL=CMD" "COMPILER=arm-xilinx-eabi-gcc" "ARCHIVER=arm-xilinx-eabi-ar" "COMPILER_FLAGS=  -O2 -c" "EXTRA_COMPILER_FLAGS=-g"
"Compiling axidma"
"Running Make libs in ps7_cortexa9_0/libsrc/cpu_cortexa9_v2_0/src"
make -C ps7_cortexa9_0/libsrc/cpu_cortexa9_v2_0/src -s libs  "SHELL=CMD" "COMPILER=arm-xilinx-eabi-gcc" "ARCHIVER=arm-xilinx-eabi-ar" "COMPILER_FLAGS=  -O2 -c" "EXTRA_COMPILER_FLAGS=-g"
"Compiling cpu_cortexa9"
"Running Make libs in ps7_cortexa9_0/libsrc/devcfg_v3_1/src"
make -C ps7_cortexa9_0/libsrc/devcfg_v3_1/src -s libs  "SHELL=CMD" "COMPILER=arm-xilinx-eabi-gcc" "ARCHIVER=arm-xilinx-eabi-ar" "COMPILER_FLAGS=  -O2 -c" "EXTRA_COMPILER_FLAGS=-g"
"Compiling devcfg"
"Running Make libs in ps7_cortexa9_0/libsrc/dmaps_v2_0/src"
make -C ps7_cortexa9_0/libsrc/dmaps_v2_0/src -s libs  "SHELL=CMD" "COMPILER=arm-xilinx-eabi-gcc" "ARCHIVER=arm-xilinx-eabi-ar" "COMPILER_FLAGS=  -O2 -c" "EXTRA_COMPILER_FLAGS=-g"
"Compiling dmaps"
"Running Make libs in ps7_cortexa9_0/libsrc/emacps_v2_0/src"
make -C ps7_cortexa9_0/libsrc/emacps_v2_0/src -s libs  "SHELL=CMD" "COMPILER=arm-xilinx-eabi-gcc" "ARCHIVER=arm-xilinx-eabi-ar" "COMPILER_FLAGS=  -O2 -c" "EXTRA_COMPILER_FLAGS=-g"
"Compiling emacps"
"Running Make libs in ps7_cortexa9_0/libsrc/gpiops_v2_1/src"
make -C ps7_cortexa9_0/libsrc/gpiops_v2_1/src -s libs  "SHELL=CMD" "COMPILER=arm-xilinx-eabi-gcc" "ARCHIVER=arm-xilinx-eabi-ar" "COMPILER_FLAGS=  -O2 -c" "EXTRA_COMPILER_FLAGS=-g"
"Compiling gpiops"
"Running Make libs in ps7_cortexa9_0/libsrc/qspips_v3_0/src"
make -C ps7_cortexa9_0/libsrc/qspips_v3_0/src -s libs  "SHELL=CMD" "COMPILER=arm-xilinx-eabi-gcc" "ARCHIVER=arm-xilinx-eabi-ar" "COMPILER_FLAGS=  -O2 -c" "EXTRA_COMPILER_FLAGS=-g"
"Compiling qspips"
"Running Make libs in ps7_cortexa9_0/libsrc/scugic_v2_1/src"
make -C ps7_cortexa9_0/libsrc/scugic_v2_1/src -s libs  "SHELL=CMD" "COMPILER=arm-xilinx-eabi-gcc" "ARCHIVER=arm-xilinx-eabi-ar" "COMPILER_FLAGS=  -O2 -c" "EXTRA_COMPILER_FLAGS=-g"
"Compiling scugic"
"Running Make libs in ps7_cortexa9_0/libsrc/scutimer_v2_0/src"
make -C ps7_cortexa9_0/libsrc/scutimer_v2_0/src -s libs  "SHELL=CMD" "COMPILER=arm-xilinx-eabi-gcc" "ARCHIVER=arm-xilinx-eabi-ar" "COMPILER_FLAGS=  -O2 -c" "EXTRA_COMPILER_FLAGS=-g"
"Compiling scutimer"
"Running Make libs in ps7_cortexa9_0/libsrc/scuwdt_v2_0/src"
make -C ps7_cortexa9_0/libsrc/scuwdt_v2_0/src -s libs  "SHELL=CMD" "COMPILER=arm-xilinx-eabi-gcc" "ARCHIVER=arm-xilinx-eabi-ar" "COMPILER_FLAGS=  -O2 -c" "EXTRA_COMPILER_FLAGS=-g"
"Compiling scuwdt"
"Running Make libs in ps7_cortexa9_0/libsrc/sdps_v2_1/src"
make -C ps7_cortexa9_0/libsrc/sdps_v2_1/src -s libs  "SHELL=CMD" "COMPILER=arm-xilinx-eabi-gcc" "ARCHIVER=arm-xilinx-eabi-ar" "COMPILER_FLAGS=  -O2 -c" "EXTRA_COMPILER_FLAGS=-g"
"Compiling sdps"
"Running Make libs in ps7_cortexa9_0/libsrc/standalone_v4_1/src"
make -C ps7_cortexa9_0/libsrc/standalone_v4_1/src -s libs  "SHELL=CMD" "COMPILER=arm-xilinx-eabi-gcc" "ARCHIVER=arm-xilinx-eabi-ar" "COMPILER_FLAGS=  -O2 -c" "EXTRA_COMPILER_FLAGS=-g"
"Compiling standalone"
"Running Make libs in ps7_cortexa9_0/libsrc/tft_v5_0/src"
make -C ps7_cortexa9_0/libsrc/tft_v5_0/src -s libs  "SHELL=CMD" "COMPILER=arm-xilinx-eabi-gcc" "ARCHIVER=arm-xilinx-eabi-ar" "COMPILER_FLAGS=  -O2 -c" "EXTRA_COMPILER_FLAGS=-g"
"Compiling tft"
"Running Make libs in ps7_cortexa9_0/libsrc/ttcps_v2_0/src"
make -C ps7_cortexa9_0/libsrc/ttcps_v2_0/src -s libs  "SHELL=CMD" "COMPILER=arm-xilinx-eabi-gcc" "ARCHIVER=arm-xilinx-eabi-ar" "COMPILER_FLAGS=  -O2 -c" "EXTRA_COMPILER_FLAGS=-g"
"Compiling ttcps"
"Running Make libs in ps7_cortexa9_0/libsrc/uartps_v2_1/src"
make -C ps7_cortexa9_0/libsrc/uartps_v2_1/src -s libs  "SHELL=CMD" "COMPILER=arm-xilinx-eabi-gcc" "ARCHIVER=arm-xilinx-eabi-ar" "COMPILER_FLAGS=  -O2 -c" "EXTRA_COMPILER_FLAGS=-g"
"Compiling uartps"
"Running Make libs in ps7_cortexa9_0/libsrc/usbps_v2_1/src"
make -C ps7_cortexa9_0/libsrc/usbps_v2_1/src -s libs  "SHELL=CMD" "COMPILER=arm-xilinx-eabi-gcc" "ARCHIVER=arm-xilinx-eabi-ar" "COMPILER_FLAGS=  -O2 -c" "EXTRA_COMPILER_FLAGS=-g"
"Compiling usbps"
"Running Make libs in ps7_cortexa9_0/libsrc/xadcps_v2_0/src"
make -C ps7_cortexa9_0/libsrc/xadcps_v2_0/src -s libs  "SHELL=CMD" "COMPILER=arm-xilinx-eabi-gcc" "ARCHIVER=arm-xilinx-eabi-ar" "COMPILER_FLAGS=  -O2 -c" "EXTRA_COMPILER_FLAGS=-g"
"Compiling xadcps"
'Finished building libraries'
03:06:17 **** Auto Build of configuration Debug for project AES ****
make all 
make: Nothing to be done for `all'.
03:08:49 **** Auto Build of configuration Debug for project AES ****
make all 
'Building file: ../src/lab3_coprocessor.c'
'Invoking: ARM gcc compiler'
arm-xilinx-eabi-gcc -Wall -O0 -g3 -c -fmessage-length=0 -I../../AES_bsp/ps7_cortexa9_0/include -MMD -MP -MF"src/lab3_coprocessor.d" -MT"src/lab3_coprocessor.d" -o "src/lab3_coprocessor.o" "../src/lab3_coprocessor.c"
'Finished building: ../src/lab3_coprocessor.c'
' '
'Building target: AES.elf'
'Invoking: ARM gcc linker'
arm-xilinx-eabi-gcc -Wl,-T -Wl,../src/lscript.ld -L../../AES_bsp/ps7_cortexa9_0/lib -o "AES.elf"  ./src/lab3_coprocessor.o   -Wl,--start-group,-lxil,-lgcc,-lc,--end-group
'Finished building target: AES.elf'
' '
'Invoking: ARM Print Size'
arm-xilinx-eabi-size AES.elf  |tee "AES.elf.size"
   text	   data	    bss	    dec	    hex	filename
  32920	   1160	  31444	  65524	   fff4	AES.elf
'Finished building: AES.elf.size'
' '
03:09:11 **** Auto Build of configuration Debug for project AES ****
make all 
'Building file: ../src/lab3_coprocessor.c'
'Invoking: ARM gcc compiler'
arm-xilinx-eabi-gcc -Wall -O0 -g3 -c -fmessage-length=0 -I../../AES_bsp/ps7_cortexa9_0/include -MMD -MP -MF"src/lab3_coprocessor.d" -MT"src/lab3_coprocessor.d" -o "src/lab3_coprocessor.o" "../src/lab3_coprocessor.c"
'Finished building: ../src/lab3_coprocessor.c'
' '
'Building target: AES.elf'
'Invoking: ARM gcc linker'
arm-xilinx-eabi-gcc -Wl,-T -Wl,../src/lscript.ld -L../../AES_bsp/ps7_cortexa9_0/lib -o "AES.elf"  ./src/lab3_coprocessor.o   -Wl,--start-group,-lxil,-lgcc,-lc,--end-group
'Finished building target: AES.elf'
' '
'Invoking: ARM Print Size'
arm-xilinx-eabi-size AES.elf  |tee "AES.elf.size"
   text	   data	    bss	    dec	    hex	filename
  32920	   1160	  31444	  65524	   fff4	AES.elf
'Finished building: AES.elf.size'
' '
03:09:22 **** Incremental Build of configuration Debug for project AES ****
make all 
make: Nothing to be done for `all'.
03:10:56 **** Auto Build of configuration Debug for project AES ****
make all 
'Building file: ../src/lab3_coprocessor.c'
'Invoking: ARM gcc compiler'
arm-xilinx-eabi-gcc -Wall -O0 -g3 -c -fmessage-length=0 -I../../AES_bsp/ps7_cortexa9_0/include -MMD -MP -MF"src/lab3_coprocessor.d" -MT"src/lab3_coprocessor.d" -o "src/lab3_coprocessor.o" "../src/lab3_coprocessor.c"
../src/lab3_coprocessor.c: In function 'XAxiDma_SimplePollExample':
../src/lab3_coprocessor.c:233:86: warning: left-hand operand of comma expression has no effect [-Wunused-value]
                                                                        TxBufferPtr[4], TxBufferPtr[5], TxBufferPtr[6], TxBufferPtr[7],
                                                                                      ^
../src/lab3_coprocessor.c:233:102: warning: left-hand operand of comma expression has no effect [-Wunused-value]
                                                                        TxBufferPtr[4], TxBufferPtr[5], TxBufferPtr[6], TxBufferPtr[7],
                                                                                                      ^
../src/lab3_coprocessor.c:233:118: warning: left-hand operand of comma expression has no effect [-Wunused-value]
                                                                        TxBufferPtr[4], TxBufferPtr[5], TxBufferPtr[6], TxBufferPtr[7],
                                                                                                                      ^
../src/lab3_coprocessor.c:233:134: warning: left-hand operand of comma expression has no effect [-Wunused-value]
                                                                        TxBufferPtr[4], TxBufferPtr[5], TxBufferPtr[6], TxBufferPtr[7],
                                                                                                                                      ^
../src/lab3_coprocessor.c:234:86: warning: left-hand operand of comma expression has no effect [-Wunused-value]
                                                                        TxBufferPtr[8], TxBufferPtr[9], TxBufferPtr[10], TxBufferPtr[11],
                                                                                      ^
../src/lab3_coprocessor.c:234:102: warning: left-hand operand of comma expression has no effect [-Wunused-value]
                                                                        TxBufferPtr[8], TxBufferPtr[9], TxBufferPtr[10], TxBufferPtr[11],
                                                                                                      ^
../src/lab3_coprocessor.c:234:119: warning: left-hand operand of comma expression has no effect [-Wunused-value]
                                                                        TxBufferPtr[8], TxBufferPtr[9], TxBufferPtr[10], TxBufferPtr[11],
                                                                                                                       ^
../src/lab3_coprocessor.c:234:136: warning: left-hand operand of comma expression has no effect [-Wunused-value]
                                                                        TxBufferPtr[8], TxBufferPtr[9], TxBufferPtr[10], TxBufferPtr[11],
                                                                                                                                        ^
../src/lab3_coprocessor.c:235:87: warning: left-hand operand of comma expression has no effect [-Wunused-value]
                                                                        TxBufferPtr[12], TxBufferPtr[13], TxBufferPtr[14], TxBufferPtr[15]);
                                                                                       ^
../src/lab3_coprocessor.c:235:104: warning: left-hand operand of comma expression has no effect [-Wunused-value]
                                                                        TxBufferPtr[12], TxBufferPtr[13], TxBufferPtr[14], TxBufferPtr[15]);
                                                                                                        ^
../src/lab3_coprocessor.c:235:121: warning: left-hand operand of comma expression has no effect [-Wunused-value]
                                                                        TxBufferPtr[12], TxBufferPtr[13], TxBufferPtr[14], TxBufferPtr[15]);
                                                                                                                         ^
../src/lab3_coprocessor.c:233:72: warning: statement with no effect [-Wunused-value]
                                                                        TxBufferPtr[4], TxBufferPtr[5], TxBufferPtr[6], TxBufferPtr[7],
                                                                        ^
../src/lab3_coprocessor.c:235:138: error: expected ';' before ')' token
                                                                        TxBufferPtr[12], TxBufferPtr[13], TxBufferPtr[14], TxBufferPtr[15]);
                                                                                                                                          ^
../src/lab3_coprocessor.c:235:138: error: expected statement before ')' token
make: *** [src/lab3_coprocessor.o] ´íÎó 1
03:11:07 **** Auto Build of configuration Debug for project AES ****
make all 
'Building file: ../src/lab3_coprocessor.c'
'Invoking: ARM gcc compiler'
arm-xilinx-eabi-gcc -Wall -O0 -g3 -c -fmessage-length=0 -I../../AES_bsp/ps7_cortexa9_0/include -MMD -MP -MF"src/lab3_coprocessor.d" -MT"src/lab3_coprocessor.d" -o "src/lab3_coprocessor.o" "../src/lab3_coprocessor.c"
'Finished building: ../src/lab3_coprocessor.c'
' '
'Building target: AES.elf'
'Invoking: ARM gcc linker'
arm-xilinx-eabi-gcc -Wl,-T -Wl,../src/lscript.ld -L../../AES_bsp/ps7_cortexa9_0/lib -o "AES.elf"  ./src/lab3_coprocessor.o   -Wl,--start-group,-lxil,-lgcc,-lc,--end-group
'Finished building target: AES.elf'
' '
'Invoking: ARM Print Size'
arm-xilinx-eabi-size AES.elf  |tee "AES.elf.size"
   text	   data	    bss	    dec	    hex	filename
  32612	   1160	  31444	  65216	   fec0	AES.elf
'Finished building: AES.elf.size'
' '
03:11:17 **** Incremental Build of configuration Debug for project AES ****
make all 
make: Nothing to be done for `all'.
03:11:39 **** Incremental Build of configuration Debug for project AES ****
make all 
make: Nothing to be done for `all'.
03:12:20 **** Auto Build of configuration Debug for project AES ****
make all 
'Building file: ../src/lab3_coprocessor.c'
'Invoking: ARM gcc compiler'
arm-xilinx-eabi-gcc -Wall -O0 -g3 -c -fmessage-length=0 -I../../AES_bsp/ps7_cortexa9_0/include -MMD -MP -MF"src/lab3_coprocessor.d" -MT"src/lab3_coprocessor.d" -o "src/lab3_coprocessor.o" "../src/lab3_coprocessor.c"
../src/lab3_coprocessor.c: In function 'XAxiDma_SimplePollExample':
../src/lab3_coprocessor.c:240:101: error: expected expression before ')' token
                                                                                                     );
                                                                                                     ^
make: *** [src/lab3_coprocessor.o] ´íÎó 1
03:12:31 **** Auto Build of configuration Debug for project AES ****
make all 
'Building file: ../src/lab3_coprocessor.c'
'Invoking: ARM gcc compiler'
arm-xilinx-eabi-gcc -Wall -O0 -g3 -c -fmessage-length=0 -I../../AES_bsp/ps7_cortexa9_0/include -MMD -MP -MF"src/lab3_coprocessor.d" -MT"src/lab3_coprocessor.d" -o "src/lab3_coprocessor.o" "../src/lab3_coprocessor.c"
'Finished building: ../src/lab3_coprocessor.c'
' '
'Building target: AES.elf'
'Invoking: ARM gcc linker'
arm-xilinx-eabi-gcc -Wl,-T -Wl,../src/lscript.ld -L../../AES_bsp/ps7_cortexa9_0/lib -o "AES.elf"  ./src/lab3_coprocessor.o   -Wl,--start-group,-lxil,-lgcc,-lc,--end-group
'Finished building target: AES.elf'
' '
'Invoking: ARM Print Size'
arm-xilinx-eabi-size AES.elf  |tee "AES.elf.size"
   text	   data	    bss	    dec	    hex	filename
  32484	   1160	  31444	  65088	   fe40	AES.elf
'Finished building: AES.elf.size'
' '
03:12:39 **** Incremental Build of configuration Debug for project AES ****
make all 
make: Nothing to be done for `all'.
03:14:10 **** Auto Build of configuration Debug for project AES ****
make all 
'Building file: ../src/lab3_coprocessor.c'
'Invoking: ARM gcc compiler'
arm-xilinx-eabi-gcc -Wall -O0 -g3 -c -fmessage-length=0 -I../../AES_bsp/ps7_cortexa9_0/include -MMD -MP -MF"src/lab3_coprocessor.d" -MT"src/lab3_coprocessor.d" -o "src/lab3_coprocessor.o" "../src/lab3_coprocessor.c"
../src/lab3_coprocessor.c:49:12: warning: 'CheckData' declared 'static' but never defined [-Wunused-function]
 static int CheckData(u32 cur_indx);
            ^
'Finished building: ../src/lab3_coprocessor.c'
' '
'Building target: AES.elf'
'Invoking: ARM gcc linker'
arm-xilinx-eabi-gcc -Wl,-T -Wl,../src/lscript.ld -L../../AES_bsp/ps7_cortexa9_0/lib -o "AES.elf"  ./src/lab3_coprocessor.o   -Wl,--start-group,-lxil,-lgcc,-lc,--end-group
'Finished building target: AES.elf'
' '
'Invoking: ARM Print Size'
arm-xilinx-eabi-size AES.elf  |tee "AES.elf.size"
   text	   data	    bss	    dec	    hex	filename
  32292	   1160	  31444	  64896	   fd80	AES.elf
'Finished building: AES.elf.size'
' '
03:14:22 **** Incremental Build of configuration Debug for project AES ****
make all 
make: Nothing to be done for `all'.
03:14:46 **** Auto Build of configuration Debug for project AES ****
make all 
'Building file: ../src/lab3_coprocessor.c'
'Invoking: ARM gcc compiler'
arm-xilinx-eabi-gcc -Wall -O0 -g3 -c -fmessage-length=0 -I../../AES_bsp/ps7_cortexa9_0/include -MMD -MP -MF"src/lab3_coprocessor.d" -MT"src/lab3_coprocessor.d" -o "src/lab3_coprocessor.o" "../src/lab3_coprocessor.c"
../src/lab3_coprocessor.c:49:12: warning: 'CheckData' declared 'static' but never defined [-Wunused-function]
 static int CheckData(u32 cur_indx);
            ^
'Finished building: ../src/lab3_coprocessor.c'
' '
'Building target: AES.elf'
'Invoking: ARM gcc linker'
arm-xilinx-eabi-gcc -Wl,-T -Wl,../src/lscript.ld -L../../AES_bsp/ps7_cortexa9_0/lib -o "AES.elf"  ./src/lab3_coprocessor.o   -Wl,--start-group,-lxil,-lgcc,-lc,--end-group
'Finished building target: AES.elf'
' '
'Invoking: ARM Print Size'
arm-xilinx-eabi-size AES.elf  |tee "AES.elf.size"
   text	   data	    bss	    dec	    hex	filename
  32372	   1160	  31444	  64976	   fdd0	AES.elf
'Finished building: AES.elf.size'
' '
03:14:54 **** Incremental Build of configuration Debug for project AES ****
make all 
make: Nothing to be done for `all'.
03:15:15 **** Auto Build of configuration Debug for project AES ****
make all 
'Building file: ../src/lab3_coprocessor.c'
'Invoking: ARM gcc compiler'
arm-xilinx-eabi-gcc -Wall -O0 -g3 -c -fmessage-length=0 -I../../AES_bsp/ps7_cortexa9_0/include -MMD -MP -MF"src/lab3_coprocessor.d" -MT"src/lab3_coprocessor.d" -o "src/lab3_coprocessor.o" "../src/lab3_coprocessor.c"
../src/lab3_coprocessor.c:49:12: warning: 'CheckData' declared 'static' but never defined [-Wunused-function]
 static int CheckData(u32 cur_indx);
            ^
'Finished building: ../src/lab3_coprocessor.c'
' '
'Building target: AES.elf'
'Invoking: ARM gcc linker'
arm-xilinx-eabi-gcc -Wl,-T -Wl,../src/lscript.ld -L../../AES_bsp/ps7_cortexa9_0/lib -o "AES.elf"  ./src/lab3_coprocessor.o   -Wl,--start-group,-lxil,-lgcc,-lc,--end-group
'Finished building target: AES.elf'
' '
'Invoking: ARM Print Size'
arm-xilinx-eabi-size AES.elf  |tee "AES.elf.size"
   text	   data	    bss	    dec	    hex	filename
  32372	   1160	  31444	  64976	   fdd0	AES.elf
'Finished building: AES.elf.size'
' '
03:15:24 **** Incremental Build of configuration Debug for project AES ****
make all 
make: Nothing to be done for `all'.
03:16:36 **** Auto Build of configuration Debug for project AES ****
make all 
'Building file: ../src/lab3_coprocessor.c'
'Invoking: ARM gcc compiler'
arm-xilinx-eabi-gcc -Wall -O0 -g3 -c -fmessage-length=0 -I../../AES_bsp/ps7_cortexa9_0/include -MMD -MP -MF"src/lab3_coprocessor.d" -MT"src/lab3_coprocessor.d" -o "src/lab3_coprocessor.o" "../src/lab3_coprocessor.c"
../src/lab3_coprocessor.c:49:12: warning: 'CheckData' declared 'static' but never defined [-Wunused-function]
 static int CheckData(u32 cur_indx);
            ^
'Finished building: ../src/lab3_coprocessor.c'
' '
'Building target: AES.elf'
'Invoking: ARM gcc linker'
arm-xilinx-eabi-gcc -Wl,-T -Wl,../src/lscript.ld -L../../AES_bsp/ps7_cortexa9_0/lib -o "AES.elf"  ./src/lab3_coprocessor.o   -Wl,--start-group,-lxil,-lgcc,-lc,--end-group
'Finished building target: AES.elf'
' '
'Invoking: ARM Print Size'
arm-xilinx-eabi-size AES.elf  |tee "AES.elf.size"
   text	   data	    bss	    dec	    hex	filename
  32804	   1160	  31444	  65408	   ff80	AES.elf
'Finished building: AES.elf.size'
' '
03:16:49 **** Incremental Build of configuration Debug for project AES ****
make all 
make: Nothing to be done for `all'.
03:17:24 **** Auto Build of configuration Debug for project AES ****
make all 
'Building file: ../src/lab3_coprocessor.c'
'Invoking: ARM gcc compiler'
arm-xilinx-eabi-gcc -Wall -O0 -g3 -c -fmessage-length=0 -I../../AES_bsp/ps7_cortexa9_0/include -MMD -MP -MF"src/lab3_coprocessor.d" -MT"src/lab3_coprocessor.d" -o "src/lab3_coprocessor.o" "../src/lab3_coprocessor.c"
../src/lab3_coprocessor.c:49:12: warning: 'CheckData' declared 'static' but never defined [-Wunused-function]
 static int CheckData(u32 cur_indx);
            ^
'Finished building: ../src/lab3_coprocessor.c'
' '
'Building target: AES.elf'
'Invoking: ARM gcc linker'
arm-xilinx-eabi-gcc -Wl,-T -Wl,../src/lscript.ld -L../../AES_bsp/ps7_cortexa9_0/lib -o "AES.elf"  ./src/lab3_coprocessor.o   -Wl,--start-group,-lxil,-lgcc,-lc,--end-group
'Finished building target: AES.elf'
' '
'Invoking: ARM Print Size'
arm-xilinx-eabi-size AES.elf  |tee "AES.elf.size"
   text	   data	    bss	    dec	    hex	filename
  32728	   1160	  31444	  65332	   ff34	AES.elf
'Finished building: AES.elf.size'
' '
03:17:33 **** Incremental Build of configuration Debug for project AES ****
make all 
make: Nothing to be done for `all'.
03:19:05 **** Auto Build of configuration Debug for project AES ****
make all 
'Building file: ../src/lab3_coprocessor.c'
'Invoking: ARM gcc compiler'
arm-xilinx-eabi-gcc -Wall -O0 -g3 -c -fmessage-length=0 -I../../AES_bsp/ps7_cortexa9_0/include -MMD -MP -MF"src/lab3_coprocessor.d" -MT"src/lab3_coprocessor.d" -o "src/lab3_coprocessor.o" "../src/lab3_coprocessor.c"
'Finished building: ../src/lab3_coprocessor.c'
' '
'Building target: AES.elf'
'Invoking: ARM gcc linker'
arm-xilinx-eabi-gcc -Wl,-T -Wl,../src/lscript.ld -L../../AES_bsp/ps7_cortexa9_0/lib -o "AES.elf"  ./src/lab3_coprocessor.o   -Wl,--start-group,-lxil,-lgcc,-lc,--end-group
'Finished building target: AES.elf'
' '
'Invoking: ARM Print Size'
arm-xilinx-eabi-size AES.elf  |tee "AES.elf.size"
   text	   data	    bss	    dec	    hex	filename
  32920	   1160	  31444	  65524	   fff4	AES.elf
'Finished building: AES.elf.size'
' '
03:19:19 **** Incremental Build of configuration Debug for project AES ****
make all 
make: Nothing to be done for `all'.
03:19:51 **** Auto Build of configuration Debug for project AES ****
make all 
'Building file: ../src/lab3_coprocessor.c'
'Invoking: ARM gcc compiler'
arm-xilinx-eabi-gcc -Wall -O0 -g3 -c -fmessage-length=0 -I../../AES_bsp/ps7_cortexa9_0/include -MMD -MP -MF"src/lab3_coprocessor.d" -MT"src/lab3_coprocessor.d" -o "src/lab3_coprocessor.o" "../src/lab3_coprocessor.c"
'Finished building: ../src/lab3_coprocessor.c'
' '
'Building target: AES.elf'
'Invoking: ARM gcc linker'
arm-xilinx-eabi-gcc -Wl,-T -Wl,../src/lscript.ld -L../../AES_bsp/ps7_cortexa9_0/lib -o "AES.elf"  ./src/lab3_coprocessor.o   -Wl,--start-group,-lxil,-lgcc,-lc,--end-group
'Finished building target: AES.elf'
' '
'Invoking: ARM Print Size'
arm-xilinx-eabi-size AES.elf  |tee "AES.elf.size"
   text	   data	    bss	    dec	    hex	filename
  32920	   1160	  31444	  65524	   fff4	AES.elf
'Finished building: AES.elf.size'
' '
03:20:00 **** Incremental Build of configuration Debug for project AES ****
make all 
make: Nothing to be done for `all'.
03:20:35 **** Auto Build of configuration Debug for project AES ****
make all 
'Building file: ../src/lab3_coprocessor.c'
'Invoking: ARM gcc compiler'
arm-xilinx-eabi-gcc -Wall -O0 -g3 -c -fmessage-length=0 -I../../AES_bsp/ps7_cortexa9_0/include -MMD -MP -MF"src/lab3_coprocessor.d" -MT"src/lab3_coprocessor.d" -o "src/lab3_coprocessor.o" "../src/lab3_coprocessor.c"
'Finished building: ../src/lab3_coprocessor.c'
' '
'Building target: AES.elf'
'Invoking: ARM gcc linker'
arm-xilinx-eabi-gcc -Wl,-T -Wl,../src/lscript.ld -L../../AES_bsp/ps7_cortexa9_0/lib -o "AES.elf"  ./src/lab3_coprocessor.o   -Wl,--start-group,-lxil,-lgcc,-lc,--end-group
'Finished building target: AES.elf'
' '
'Invoking: ARM Print Size'
arm-xilinx-eabi-size AES.elf  |tee "AES.elf.size"
   text	   data	    bss	    dec	    hex	filename
  32920	   1160	  31444	  65524	   fff4	AES.elf
'Finished building: AES.elf.size'
' '
03:20:43 **** Incremental Build of configuration Debug for project AES ****
make all 
make: Nothing to be done for `all'.
03:21:34 **** Auto Build of configuration Debug for project AES ****
make all 
'Building file: ../src/lab3_coprocessor.c'
'Invoking: ARM gcc compiler'
arm-xilinx-eabi-gcc -Wall -O0 -g3 -c -fmessage-length=0 -I../../AES_bsp/ps7_cortexa9_0/include -MMD -MP -MF"src/lab3_coprocessor.d" -MT"src/lab3_coprocessor.d" -o "src/lab3_coprocessor.o" "../src/lab3_coprocessor.c"
'Finished building: ../src/lab3_coprocessor.c'
' '
'Building target: AES.elf'
'Invoking: ARM gcc linker'
arm-xilinx-eabi-gcc -Wl,-T -Wl,../src/lscript.ld -L../../AES_bsp/ps7_cortexa9_0/lib -o "AES.elf"  ./src/lab3_coprocessor.o   -Wl,--start-group,-lxil,-lgcc,-lc,--end-group
'Finished building target: AES.elf'
' '
'Invoking: ARM Print Size'
arm-xilinx-eabi-size AES.elf  |tee "AES.elf.size"
   text	   data	    bss	    dec	    hex	filename
  32920	   1160	  31444	  65524	   fff4	AES.elf
'Finished building: AES.elf.size'
' '
03:21:42 **** Incremental Build of configuration Debug for project AES ****
make all 
make: Nothing to be done for `all'.
03:27:07 **** Auto Build of configuration Debug for project AES ****
make all 
'Building file: ../src/lab3_coprocessor.c'
'Invoking: ARM gcc compiler'
arm-xilinx-eabi-gcc -Wall -O0 -g3 -c -fmessage-length=0 -I../../AES_bsp/ps7_cortexa9_0/include -MMD -MP -MF"src/lab3_coprocessor.d" -MT"src/lab3_coprocessor.d" -o "src/lab3_coprocessor.o" "../src/lab3_coprocessor.c"
'Finished building: ../src/lab3_coprocessor.c'
' '
'Building target: AES.elf'
'Invoking: ARM gcc linker'
arm-xilinx-eabi-gcc -Wl,-T -Wl,../src/lscript.ld -L../../AES_bsp/ps7_cortexa9_0/lib -o "AES.elf"  ./src/lab3_coprocessor.o   -Wl,--start-group,-lxil,-lgcc,-lc,--end-group
'Finished building target: AES.elf'
' '
'Invoking: ARM Print Size'
arm-xilinx-eabi-size AES.elf  |tee "AES.elf.size"
   text	   data	    bss	    dec	    hex	filename
  32344	   1160	  31444	  64948	   fdb4	AES.elf
'Finished building: AES.elf.size'
' '
03:27:17 **** Incremental Build of configuration Debug for project AES ****
make all 
make: Nothing to be done for `all'.
03:27:58 **** Auto Build of configuration Debug for project AES ****
make all 
'Building file: ../src/lab3_coprocessor.c'
'Invoking: ARM gcc compiler'
arm-xilinx-eabi-gcc -Wall -O0 -g3 -c -fmessage-length=0 -I../../AES_bsp/ps7_cortexa9_0/include -MMD -MP -MF"src/lab3_coprocessor.d" -MT"src/lab3_coprocessor.d" -o "src/lab3_coprocessor.o" "../src/lab3_coprocessor.c"
'Finished building: ../src/lab3_coprocessor.c'
' '
'Building target: AES.elf'
'Invoking: ARM gcc linker'
arm-xilinx-eabi-gcc -Wl,-T -Wl,../src/lscript.ld -L../../AES_bsp/ps7_cortexa9_0/lib -o "AES.elf"  ./src/lab3_coprocessor.o   -Wl,--start-group,-lxil,-lgcc,-lc,--end-group
'Finished building target: AES.elf'
' '
'Invoking: ARM Print Size'
arm-xilinx-eabi-size AES.elf  |tee "AES.elf.size"
   text	   data	    bss	    dec	    hex	filename
  32300	   1160	  31444	  64904	   fd88	AES.elf
'Finished building: AES.elf.size'
' '
03:28:16 **** Incremental Build of configuration Debug for project AES ****
make all 
make: Nothing to be done for `all'.
03:28:40 **** Incremental Build of configuration Debug for project AES ****
make all 
make: Nothing to be done for `all'.
02:34:31 **** Auto Build of project AES_bsp ****
make -k all 
"Running Make include in ps7_cortexa9_0/libsrc/axidma_v8_0/src"
make -C ps7_cortexa9_0/libsrc/axidma_v8_0/src -s include  "SHELL=CMD" "COMPILER=arm-xilinx-eabi-gcc" "ARCHIVER=arm-xilinx-eabi-ar" "COMPILER_FLAGS=  -O2 -c" "EXTRA_COMPILER_FLAGS=-g"
"Running Make include in ps7_cortexa9_0/libsrc/cpu_cortexa9_v2_0/src"
make -C ps7_cortexa9_0/libsrc/cpu_cortexa9_v2_0/src -s include  "SHELL=CMD" "COMPILER=arm-xilinx-eabi-gcc" "ARCHIVER=arm-xilinx-eabi-ar" "COMPILER_FLAGS=  -O2 -c" "EXTRA_COMPILER_FLAGS=-g"
"Running Make include in ps7_cortexa9_0/libsrc/devcfg_v3_1/src"
make -C ps7_cortexa9_0/libsrc/devcfg_v3_1/src -s include  "SHELL=CMD" "COMPILER=arm-xilinx-eabi-gcc" "ARCHIVER=arm-xilinx-eabi-ar" "COMPILER_FLAGS=  -O2 -c" "EXTRA_COMPILER_FLAGS=-g"
"Running Make include in ps7_cortexa9_0/libsrc/dmaps_v2_0/src"
make -C ps7_cortexa9_0/libsrc/dmaps_v2_0/src -s include  "SHELL=CMD" "COMPILER=arm-xilinx-eabi-gcc" "ARCHIVER=arm-xilinx-eabi-ar" "COMPILER_FLAGS=  -O2 -c" "EXTRA_COMPILER_FLAGS=-g"
"Running Make include in ps7_cortexa9_0/libsrc/emacps_v2_0/src"
make -C ps7_cortexa9_0/libsrc/emacps_v2_0/src -s include  "SHELL=CMD" "COMPILER=arm-xilinx-eabi-gcc" "ARCHIVER=arm-xilinx-eabi-ar" "COMPILER_FLAGS=  -O2 -c" "EXTRA_COMPILER_FLAGS=-g"
"Running Make include in ps7_cortexa9_0/libsrc/gpiops_v2_1/src"
make -C ps7_cortexa9_0/libsrc/gpiops_v2_1/src -s include  "SHELL=CMD" "COMPILER=arm-xilinx-eabi-gcc" "ARCHIVER=arm-xilinx-eabi-ar" "COMPILER_FLAGS=  -O2 -c" "EXTRA_COMPILER_FLAGS=-g"
"Running Make include in ps7_cortexa9_0/libsrc/qspips_v3_0/src"
make -C ps7_cortexa9_0/libsrc/qspips_v3_0/src -s include  "SHELL=CMD" "COMPILER=arm-xilinx-eabi-gcc" "ARCHIVER=arm-xilinx-eabi-ar" "COMPILER_FLAGS=  -O2 -c" "EXTRA_COMPILER_FLAGS=-g"
"Running Make include in ps7_cortexa9_0/libsrc/scugic_v2_1/src"
make -C ps7_cortexa9_0/libsrc/scugic_v2_1/src -s include  "SHELL=CMD" "COMPILER=arm-xilinx-eabi-gcc" "ARCHIVER=arm-xilinx-eabi-ar" "COMPILER_FLAGS=  -O2 -c" "EXTRA_COMPILER_FLAGS=-g"
"Running Make include in ps7_cortexa9_0/libsrc/scutimer_v2_0/src"
make -C ps7_cortexa9_0/libsrc/scutimer_v2_0/src -s include  "SHELL=CMD" "COMPILER=arm-xilinx-eabi-gcc" "ARCHIVER=arm-xilinx-eabi-ar" "COMPILER_FLAGS=  -O2 -c" "EXTRA_COMPILER_FLAGS=-g"
"Running Make include in ps7_cortexa9_0/libsrc/scuwdt_v2_0/src"
make -C ps7_cortexa9_0/libsrc/scuwdt_v2_0/src -s include  "SHELL=CMD" "COMPILER=arm-xilinx-eabi-gcc" "ARCHIVER=arm-xilinx-eabi-ar" "COMPILER_FLAGS=  -O2 -c" "EXTRA_COMPILER_FLAGS=-g"
"Running Make include in ps7_cortexa9_0/libsrc/sdps_v2_1/src"
make -C ps7_cortexa9_0/libsrc/sdps_v2_1/src -s include  "SHELL=CMD" "COMPILER=arm-xilinx-eabi-gcc" "ARCHIVER=arm-xilinx-eabi-ar" "COMPILER_FLAGS=  -O2 -c" "EXTRA_COMPILER_FLAGS=-g"
"Running Make include in ps7_cortexa9_0/libsrc/standalone_v4_1/src"
make -C ps7_cortexa9_0/libsrc/standalone_v4_1/src -s include  "SHELL=CMD" "COMPILER=arm-xilinx-eabi-gcc" "ARCHIVER=arm-xilinx-eabi-ar" "COMPILER_FLAGS=  -O2 -c" "EXTRA_COMPILER_FLAGS=-g"
"Running Make include in ps7_cortexa9_0/libsrc/tft_v5_0/src"
make -C ps7_cortexa9_0/libsrc/tft_v5_0/src -s include  "SHELL=CMD" "COMPILER=arm-xilinx-eabi-gcc" "ARCHIVER=arm-xilinx-eabi-ar" "COMPILER_FLAGS=  -O2 -c" "EXTRA_COMPILER_FLAGS=-g"
"Running Make include in ps7_cortexa9_0/libsrc/ttcps_v2_0/src"
make -C ps7_cortexa9_0/libsrc/ttcps_v2_0/src -s include  "SHELL=CMD" "COMPILER=arm-xilinx-eabi-gcc" "ARCHIVER=arm-xilinx-eabi-ar" "COMPILER_FLAGS=  -O2 -c" "EXTRA_COMPILER_FLAGS=-g"
"Running Make include in ps7_cortexa9_0/libsrc/uartps_v2_1/src"
make -C ps7_cortexa9_0/libsrc/uartps_v2_1/src -s include  "SHELL=CMD" "COMPILER=arm-xilinx-eabi-gcc" "ARCHIVER=arm-xilinx-eabi-ar" "COMPILER_FLAGS=  -O2 -c" "EXTRA_COMPILER_FLAGS=-g"
"Running Make include in ps7_cortexa9_0/libsrc/usbps_v2_1/src"
make -C ps7_cortexa9_0/libsrc/usbps_v2_1/src -s include  "SHELL=CMD" "COMPILER=arm-xilinx-eabi-gcc" "ARCHIVER=arm-xilinx-eabi-ar" "COMPILER_FLAGS=  -O2 -c" "EXTRA_COMPILER_FLAGS=-g"
"Running Make include in ps7_cortexa9_0/libsrc/xadcps_v2_0/src"
make -C ps7_cortexa9_0/libsrc/xadcps_v2_0/src -s include  "SHELL=CMD" "COMPILER=arm-xilinx-eabi-gcc" "ARCHIVER=arm-xilinx-eabi-ar" "COMPILER_FLAGS=  -O2 -c" "EXTRA_COMPILER_FLAGS=-g"
"Running Make libs in ps7_cortexa9_0/libsrc/axidma_v8_0/src"
make -C ps7_cortexa9_0/libsrc/axidma_v8_0/src -s libs  "SHELL=CMD" "COMPILER=arm-xilinx-eabi-gcc" "ARCHIVER=arm-xilinx-eabi-ar" "COMPILER_FLAGS=  -O2 -c" "EXTRA_COMPILER_FLAGS=-g"
"Compiling axidma"
"Running Make libs in ps7_cortexa9_0/libsrc/cpu_cortexa9_v2_0/src"
make -C ps7_cortexa9_0/libsrc/cpu_cortexa9_v2_0/src -s libs  "SHELL=CMD" "COMPILER=arm-xilinx-eabi-gcc" "ARCHIVER=arm-xilinx-eabi-ar" "COMPILER_FLAGS=  -O2 -c" "EXTRA_COMPILER_FLAGS=-g"
"Compiling cpu_cortexa9"
"Running Make libs in ps7_cortexa9_0/libsrc/devcfg_v3_1/src"
make -C ps7_cortexa9_0/libsrc/devcfg_v3_1/src -s libs  "SHELL=CMD" "COMPILER=arm-xilinx-eabi-gcc" "ARCHIVER=arm-xilinx-eabi-ar" "COMPILER_FLAGS=  -O2 -c" "EXTRA_COMPILER_FLAGS=-g"
"Compiling devcfg"
"Running Make libs in ps7_cortexa9_0/libsrc/dmaps_v2_0/src"
make -C ps7_cortexa9_0/libsrc/dmaps_v2_0/src -s libs  "SHELL=CMD" "COMPILER=arm-xilinx-eabi-gcc" "ARCHIVER=arm-xilinx-eabi-ar" "COMPILER_FLAGS=  -O2 -c" "EXTRA_COMPILER_FLAGS=-g"
"Compiling dmaps"
"Running Make libs in ps7_cortexa9_0/libsrc/emacps_v2_0/src"
make -C ps7_cortexa9_0/libsrc/emacps_v2_0/src -s libs  "SHELL=CMD" "COMPILER=arm-xilinx-eabi-gcc" "ARCHIVER=arm-xilinx-eabi-ar" "COMPILER_FLAGS=  -O2 -c" "EXTRA_COMPILER_FLAGS=-g"
"Compiling emacps"
"Running Make libs in ps7_cortexa9_0/libsrc/gpiops_v2_1/src"
make -C ps7_cortexa9_0/libsrc/gpiops_v2_1/src -s libs  "SHELL=CMD" "COMPILER=arm-xilinx-eabi-gcc" "ARCHIVER=arm-xilinx-eabi-ar" "COMPILER_FLAGS=  -O2 -c" "EXTRA_COMPILER_FLAGS=-g"
"Compiling gpiops"
"Running Make libs in ps7_cortexa9_0/libsrc/qspips_v3_0/src"
make -C ps7_cortexa9_0/libsrc/qspips_v3_0/src -s libs  "SHELL=CMD" "COMPILER=arm-xilinx-eabi-gcc" "ARCHIVER=arm-xilinx-eabi-ar" "COMPILER_FLAGS=  -O2 -c" "EXTRA_COMPILER_FLAGS=-g"
"Compiling qspips"
"Running Make libs in ps7_cortexa9_0/libsrc/scugic_v2_1/src"
make -C ps7_cortexa9_0/libsrc/scugic_v2_1/src -s libs  "SHELL=CMD" "COMPILER=arm-xilinx-eabi-gcc" "ARCHIVER=arm-xilinx-eabi-ar" "COMPILER_FLAGS=  -O2 -c" "EXTRA_COMPILER_FLAGS=-g"
"Compiling scugic"
"Running Make libs in ps7_cortexa9_0/libsrc/scutimer_v2_0/src"
make -C ps7_cortexa9_0/libsrc/scutimer_v2_0/src -s libs  "SHELL=CMD" "COMPILER=arm-xilinx-eabi-gcc" "ARCHIVER=arm-xilinx-eabi-ar" "COMPILER_FLAGS=  -O2 -c" "EXTRA_COMPILER_FLAGS=-g"
"Compiling scutimer"
"Running Make libs in ps7_cortexa9_0/libsrc/scuwdt_v2_0/src"
make -C ps7_cortexa9_0/libsrc/scuwdt_v2_0/src -s libs  "SHELL=CMD" "COMPILER=arm-xilinx-eabi-gcc" "ARCHIVER=arm-xilinx-eabi-ar" "COMPILER_FLAGS=  -O2 -c" "EXTRA_COMPILER_FLAGS=-g"
"Compiling scuwdt"
"Running Make libs in ps7_cortexa9_0/libsrc/sdps_v2_1/src"
make -C ps7_cortexa9_0/libsrc/sdps_v2_1/src -s libs  "SHELL=CMD" "COMPILER=arm-xilinx-eabi-gcc" "ARCHIVER=arm-xilinx-eabi-ar" "COMPILER_FLAGS=  -O2 -c" "EXTRA_COMPILER_FLAGS=-g"
"Compiling sdps"
"Running Make libs in ps7_cortexa9_0/libsrc/standalone_v4_1/src"
make -C ps7_cortexa9_0/libsrc/standalone_v4_1/src -s libs  "SHELL=CMD" "COMPILER=arm-xilinx-eabi-gcc" "ARCHIVER=arm-xilinx-eabi-ar" "COMPILER_FLAGS=  -O2 -c" "EXTRA_COMPILER_FLAGS=-g"
"Compiling standalone"
"Running Make libs in ps7_cortexa9_0/libsrc/tft_v5_0/src"
make -C ps7_cortexa9_0/libsrc/tft_v5_0/src -s libs  "SHELL=CMD" "COMPILER=arm-xilinx-eabi-gcc" "ARCHIVER=arm-xilinx-eabi-ar" "COMPILER_FLAGS=  -O2 -c" "EXTRA_COMPILER_FLAGS=-g"
"Compiling tft"
"Running Make libs in ps7_cortexa9_0/libsrc/ttcps_v2_0/src"
make -C ps7_cortexa9_0/libsrc/ttcps_v2_0/src -s libs  "SHELL=CMD" "COMPILER=arm-xilinx-eabi-gcc" "ARCHIVER=arm-xilinx-eabi-ar" "COMPILER_FLAGS=  -O2 -c" "EXTRA_COMPILER_FLAGS=-g"
"Compiling ttcps"
"Running Make libs in ps7_cortexa9_0/libsrc/uartps_v2_1/src"
make -C ps7_cortexa9_0/libsrc/uartps_v2_1/src -s libs  "SHELL=CMD" "COMPILER=arm-xilinx-eabi-gcc" "ARCHIVER=arm-xilinx-eabi-ar" "COMPILER_FLAGS=  -O2 -c" "EXTRA_COMPILER_FLAGS=-g"
"Compiling uartps"
"Running Make libs in ps7_cortexa9_0/libsrc/usbps_v2_1/src"
make -C ps7_cortexa9_0/libsrc/usbps_v2_1/src -s libs  "SHELL=CMD" "COMPILER=arm-xilinx-eabi-gcc" "ARCHIVER=arm-xilinx-eabi-ar" "COMPILER_FLAGS=  -O2 -c" "EXTRA_COMPILER_FLAGS=-g"
"Compiling usbps"
"Running Make libs in ps7_cortexa9_0/libsrc/xadcps_v2_0/src"
make -C ps7_cortexa9_0/libsrc/xadcps_v2_0/src -s libs  "SHELL=CMD" "COMPILER=arm-xilinx-eabi-gcc" "ARCHIVER=arm-xilinx-eabi-ar" "COMPILER_FLAGS=  -O2 -c" "EXTRA_COMPILER_FLAGS=-g"
"Compiling xadcps"
'Finished building libraries'
02:36:53 **** Auto Build of project AES_bsp ****
make -k all 
"Running Make include in ps7_cortexa9_0/libsrc/axidma_v8_0/src"
make -C ps7_cortexa9_0/libsrc/axidma_v8_0/src -s include  "SHELL=CMD" "COMPILER=arm-xilinx-eabi-gcc" "ARCHIVER=arm-xilinx-eabi-ar" "COMPILER_FLAGS=  -O2 -c" "EXTRA_COMPILER_FLAGS=-g"
"Running Make include in ps7_cortexa9_0/libsrc/cpu_cortexa9_v2_0/src"
make -C ps7_cortexa9_0/libsrc/cpu_cortexa9_v2_0/src -s include  "SHELL=CMD" "COMPILER=arm-xilinx-eabi-gcc" "ARCHIVER=arm-xilinx-eabi-ar" "COMPILER_FLAGS=  -O2 -c" "EXTRA_COMPILER_FLAGS=-g"
"Running Make include in ps7_cortexa9_0/libsrc/devcfg_v3_1/src"
make -C ps7_cortexa9_0/libsrc/devcfg_v3_1/src -s include  "SHELL=CMD" "COMPILER=arm-xilinx-eabi-gcc" "ARCHIVER=arm-xilinx-eabi-ar" "COMPILER_FLAGS=  -O2 -c" "EXTRA_COMPILER_FLAGS=-g"
"Running Make include in ps7_cortexa9_0/libsrc/dmaps_v2_0/src"
make -C ps7_cortexa9_0/libsrc/dmaps_v2_0/src -s include  "SHELL=CMD" "COMPILER=arm-xilinx-eabi-gcc" "ARCHIVER=arm-xilinx-eabi-ar" "COMPILER_FLAGS=  -O2 -c" "EXTRA_COMPILER_FLAGS=-g"
"Running Make include in ps7_cortexa9_0/libsrc/emacps_v2_0/src"
make -C ps7_cortexa9_0/libsrc/emacps_v2_0/src -s include  "SHELL=CMD" "COMPILER=arm-xilinx-eabi-gcc" "ARCHIVER=arm-xilinx-eabi-ar" "COMPILER_FLAGS=  -O2 -c" "EXTRA_COMPILER_FLAGS=-g"
"Running Make include in ps7_cortexa9_0/libsrc/gpiops_v2_1/src"
make -C ps7_cortexa9_0/libsrc/gpiops_v2_1/src -s include  "SHELL=CMD" "COMPILER=arm-xilinx-eabi-gcc" "ARCHIVER=arm-xilinx-eabi-ar" "COMPILER_FLAGS=  -O2 -c" "EXTRA_COMPILER_FLAGS=-g"
"Running Make include in ps7_cortexa9_0/libsrc/qspips_v3_0/src"
make -C ps7_cortexa9_0/libsrc/qspips_v3_0/src -s include  "SHELL=CMD" "COMPILER=arm-xilinx-eabi-gcc" "ARCHIVER=arm-xilinx-eabi-ar" "COMPILER_FLAGS=  -O2 -c" "EXTRA_COMPILER_FLAGS=-g"
"Running Make include in ps7_cortexa9_0/libsrc/scugic_v2_1/src"
make -C ps7_cortexa9_0/libsrc/scugic_v2_1/src -s include  "SHELL=CMD" "COMPILER=arm-xilinx-eabi-gcc" "ARCHIVER=arm-xilinx-eabi-ar" "COMPILER_FLAGS=  -O2 -c" "EXTRA_COMPILER_FLAGS=-g"
"Running Make include in ps7_cortexa9_0/libsrc/scutimer_v2_0/src"
make -C ps7_cortexa9_0/libsrc/scutimer_v2_0/src -s include  "SHELL=CMD" "COMPILER=arm-xilinx-eabi-gcc" "ARCHIVER=arm-xilinx-eabi-ar" "COMPILER_FLAGS=  -O2 -c" "EXTRA_COMPILER_FLAGS=-g"
"Running Make include in ps7_cortexa9_0/libsrc/scuwdt_v2_0/src"
make -C ps7_cortexa9_0/libsrc/scuwdt_v2_0/src -s include  "SHELL=CMD" "COMPILER=arm-xilinx-eabi-gcc" "ARCHIVER=arm-xilinx-eabi-ar" "COMPILER_FLAGS=  -O2 -c" "EXTRA_COMPILER_FLAGS=-g"
"Running Make include in ps7_cortexa9_0/libsrc/sdps_v2_1/src"
make -C ps7_cortexa9_0/libsrc/sdps_v2_1/src -s include  "SHELL=CMD" "COMPILER=arm-xilinx-eabi-gcc" "ARCHIVER=arm-xilinx-eabi-ar" "COMPILER_FLAGS=  -O2 -c" "EXTRA_COMPILER_FLAGS=-g"
"Running Make include in ps7_cortexa9_0/libsrc/standalone_v4_1/src"
make -C ps7_cortexa9_0/libsrc/standalone_v4_1/src -s include  "SHELL=CMD" "COMPILER=arm-xilinx-eabi-gcc" "ARCHIVER=arm-xilinx-eabi-ar" "COMPILER_FLAGS=  -O2 -c" "EXTRA_COMPILER_FLAGS=-g"
"Running Make include in ps7_cortexa9_0/libsrc/tft_v5_0/src"
make -C ps7_cortexa9_0/libsrc/tft_v5_0/src -s include  "SHELL=CMD" "COMPILER=arm-xilinx-eabi-gcc" "ARCHIVER=arm-xilinx-eabi-ar" "COMPILER_FLAGS=  -O2 -c" "EXTRA_COMPILER_FLAGS=-g"
"Running Make include in ps7_cortexa9_0/libsrc/ttcps_v2_0/src"
make -C ps7_cortexa9_0/libsrc/ttcps_v2_0/src -s include  "SHELL=CMD" "COMPILER=arm-xilinx-eabi-gcc" "ARCHIVER=arm-xilinx-eabi-ar" "COMPILER_FLAGS=  -O2 -c" "EXTRA_COMPILER_FLAGS=-g"
"Running Make include in ps7_cortexa9_0/libsrc/uartps_v2_1/src"
make -C ps7_cortexa9_0/libsrc/uartps_v2_1/src -s include  "SHELL=CMD" "COMPILER=arm-xilinx-eabi-gcc" "ARCHIVER=arm-xilinx-eabi-ar" "COMPILER_FLAGS=  -O2 -c" "EXTRA_COMPILER_FLAGS=-g"
"Running Make include in ps7_cortexa9_0/libsrc/usbps_v2_1/src"
make -C ps7_cortexa9_0/libsrc/usbps_v2_1/src -s include  "SHELL=CMD" "COMPILER=arm-xilinx-eabi-gcc" "ARCHIVER=arm-xilinx-eabi-ar" "COMPILER_FLAGS=  -O2 -c" "EXTRA_COMPILER_FLAGS=-g"
"Running Make include in ps7_cortexa9_0/libsrc/xadcps_v2_0/src"
make -C ps7_cortexa9_0/libsrc/xadcps_v2_0/src -s include  "SHELL=CMD" "COMPILER=arm-xilinx-eabi-gcc" "ARCHIVER=arm-xilinx-eabi-ar" "COMPILER_FLAGS=  -O2 -c" "EXTRA_COMPILER_FLAGS=-g"
"Running Make libs in ps7_cortexa9_0/libsrc/axidma_v8_0/src"
make -C ps7_cortexa9_0/libsrc/axidma_v8_0/src -s libs  "SHELL=CMD" "COMPILER=arm-xilinx-eabi-gcc" "ARCHIVER=arm-xilinx-eabi-ar" "COMPILER_FLAGS=  -O2 -c" "EXTRA_COMPILER_FLAGS=-g"
"Compiling axidma"
"Running Make libs in ps7_cortexa9_0/libsrc/cpu_cortexa9_v2_0/src"
make -C ps7_cortexa9_0/libsrc/cpu_cortexa9_v2_0/src -s libs  "SHELL=CMD" "COMPILER=arm-xilinx-eabi-gcc" "ARCHIVER=arm-xilinx-eabi-ar" "COMPILER_FLAGS=  -O2 -c" "EXTRA_COMPILER_FLAGS=-g"
"Compiling cpu_cortexa9"
"Running Make libs in ps7_cortexa9_0/libsrc/devcfg_v3_1/src"
make -C ps7_cortexa9_0/libsrc/devcfg_v3_1/src -s libs  "SHELL=CMD" "COMPILER=arm-xilinx-eabi-gcc" "ARCHIVER=arm-xilinx-eabi-ar" "COMPILER_FLAGS=  -O2 -c" "EXTRA_COMPILER_FLAGS=-g"
"Compiling devcfg"
"Running Make libs in ps7_cortexa9_0/libsrc/dmaps_v2_0/src"
make -C ps7_cortexa9_0/libsrc/dmaps_v2_0/src -s libs  "SHELL=CMD" "COMPILER=arm-xilinx-eabi-gcc" "ARCHIVER=arm-xilinx-eabi-ar" "COMPILER_FLAGS=  -O2 -c" "EXTRA_COMPILER_FLAGS=-g"
"Compiling dmaps"
"Running Make libs in ps7_cortexa9_0/libsrc/emacps_v2_0/src"
make -C ps7_cortexa9_0/libsrc/emacps_v2_0/src -s libs  "SHELL=CMD" "COMPILER=arm-xilinx-eabi-gcc" "ARCHIVER=arm-xilinx-eabi-ar" "COMPILER_FLAGS=  -O2 -c" "EXTRA_COMPILER_FLAGS=-g"
"Compiling emacps"
"Running Make libs in ps7_cortexa9_0/libsrc/gpiops_v2_1/src"
make -C ps7_cortexa9_0/libsrc/gpiops_v2_1/src -s libs  "SHELL=CMD" "COMPILER=arm-xilinx-eabi-gcc" "ARCHIVER=arm-xilinx-eabi-ar" "COMPILER_FLAGS=  -O2 -c" "EXTRA_COMPILER_FLAGS=-g"
"Compiling gpiops"
"Running Make libs in ps7_cortexa9_0/libsrc/qspips_v3_0/src"
make -C ps7_cortexa9_0/libsrc/qspips_v3_0/src -s libs  "SHELL=CMD" "COMPILER=arm-xilinx-eabi-gcc" "ARCHIVER=arm-xilinx-eabi-ar" "COMPILER_FLAGS=  -O2 -c" "EXTRA_COMPILER_FLAGS=-g"
"Compiling qspips"
"Running Make libs in ps7_cortexa9_0/libsrc/scugic_v2_1/src"
make -C ps7_cortexa9_0/libsrc/scugic_v2_1/src -s libs  "SHELL=CMD" "COMPILER=arm-xilinx-eabi-gcc" "ARCHIVER=arm-xilinx-eabi-ar" "COMPILER_FLAGS=  -O2 -c" "EXTRA_COMPILER_FLAGS=-g"
"Compiling scugic"
"Running Make libs in ps7_cortexa9_0/libsrc/scutimer_v2_0/src"
make -C ps7_cortexa9_0/libsrc/scutimer_v2_0/src -s libs  "SHELL=CMD" "COMPILER=arm-xilinx-eabi-gcc" "ARCHIVER=arm-xilinx-eabi-ar" "COMPILER_FLAGS=  -O2 -c" "EXTRA_COMPILER_FLAGS=-g"
"Compiling scutimer"
"Running Make libs in ps7_cortexa9_0/libsrc/scuwdt_v2_0/src"
make -C ps7_cortexa9_0/libsrc/scuwdt_v2_0/src -s libs  "SHELL=CMD" "COMPILER=arm-xilinx-eabi-gcc" "ARCHIVER=arm-xilinx-eabi-ar" "COMPILER_FLAGS=  -O2 -c" "EXTRA_COMPILER_FLAGS=-g"
"Compiling scuwdt"
"Running Make libs in ps7_cortexa9_0/libsrc/sdps_v2_1/src"
make -C ps7_cortexa9_0/libsrc/sdps_v2_1/src -s libs  "SHELL=CMD" "COMPILER=arm-xilinx-eabi-gcc" "ARCHIVER=arm-xilinx-eabi-ar" "COMPILER_FLAGS=  -O2 -c" "EXTRA_COMPILER_FLAGS=-g"
"Compiling sdps"
"Running Make libs in ps7_cortexa9_0/libsrc/standalone_v4_1/src"
make -C ps7_cortexa9_0/libsrc/standalone_v4_1/src -s libs  "SHELL=CMD" "COMPILER=arm-xilinx-eabi-gcc" "ARCHIVER=arm-xilinx-eabi-ar" "COMPILER_FLAGS=  -O2 -c" "EXTRA_COMPILER_FLAGS=-g"
"Compiling standalone"
"Running Make libs in ps7_cortexa9_0/libsrc/tft_v5_0/src"
make -C ps7_cortexa9_0/libsrc/tft_v5_0/src -s libs  "SHELL=CMD" "COMPILER=arm-xilinx-eabi-gcc" "ARCHIVER=arm-xilinx-eabi-ar" "COMPILER_FLAGS=  -O2 -c" "EXTRA_COMPILER_FLAGS=-g"
"Compiling tft"
"Running Make libs in ps7_cortexa9_0/libsrc/ttcps_v2_0/src"
make -C ps7_cortexa9_0/libsrc/ttcps_v2_0/src -s libs  "SHELL=CMD" "COMPILER=arm-xilinx-eabi-gcc" "ARCHIVER=arm-xilinx-eabi-ar" "COMPILER_FLAGS=  -O2 -c" "EXTRA_COMPILER_FLAGS=-g"
"Compiling ttcps"
"Running Make libs in ps7_cortexa9_0/libsrc/uartps_v2_1/src"
make -C ps7_cortexa9_0/libsrc/uartps_v2_1/src -s libs  "SHELL=CMD" "COMPILER=arm-xilinx-eabi-gcc" "ARCHIVER=arm-xilinx-eabi-ar" "COMPILER_FLAGS=  -O2 -c" "EXTRA_COMPILER_FLAGS=-g"
"Compiling uartps"
"Running Make libs in ps7_cortexa9_0/libsrc/usbps_v2_1/src"
make -C ps7_cortexa9_0/libsrc/usbps_v2_1/src -s libs  "SHELL=CMD" "COMPILER=arm-xilinx-eabi-gcc" "ARCHIVER=arm-xilinx-eabi-ar" "COMPILER_FLAGS=  -O2 -c" "EXTRA_COMPILER_FLAGS=-g"
"Compiling usbps"
"Running Make libs in ps7_cortexa9_0/libsrc/xadcps_v2_0/src"
make -C ps7_cortexa9_0/libsrc/xadcps_v2_0/src -s libs  "SHELL=CMD" "COMPILER=arm-xilinx-eabi-gcc" "ARCHIVER=arm-xilinx-eabi-ar" "COMPILER_FLAGS=  -O2 -c" "EXTRA_COMPILER_FLAGS=-g"
"Compiling xadcps"
'Finished building libraries'
02:38:15 **** Auto Build of configuration Debug for project AES ****
make all 
make: Nothing to be done for `all'.
02:38:38 **** Incremental Build of configuration Debug for project AES ****
make all 
make: Nothing to be done for `all'.
02:43:44 **** Auto Build of configuration Debug for project AES ****
make all 
'Building file: ../src/lab3_coprocessor.c'
'Invoking: ARM gcc compiler'
arm-xilinx-eabi-gcc -Wall -O0 -g3 -c -fmessage-length=0 -I../../AES_bsp/ps7_cortexa9_0/include -MMD -MP -MF"src/lab3_coprocessor.d" -MT"src/lab3_coprocessor.d" -o "src/lab3_coprocessor.o" "../src/lab3_coprocessor.c"
'Finished building: ../src/lab3_coprocessor.c'
' '
'Building target: AES.elf'
'Invoking: ARM gcc linker'
arm-xilinx-eabi-gcc -Wl,-T -Wl,../src/lscript.ld -L../../AES_bsp/ps7_cortexa9_0/lib -o "AES.elf"  ./src/lab3_coprocessor.o   -Wl,--start-group,-lxil,-lgcc,-lc,--end-group
'Finished building target: AES.elf'
' '
'Invoking: ARM Print Size'
arm-xilinx-eabi-size AES.elf  |tee "AES.elf.size"
   text	   data	    bss	    dec	    hex	filename
  32300	   1160	  31444	  64904	   fd88	AES.elf
'Finished building: AES.elf.size'
' '
02:43:56 **** Incremental Build of configuration Debug for project AES ****
make all 
make: Nothing to be done for `all'.
02:45:27 **** Auto Build of configuration Debug for project AES ****
make all 
'Building file: ../src/lab3_coprocessor.c'
'Invoking: ARM gcc compiler'
arm-xilinx-eabi-gcc -Wall -O0 -g3 -c -fmessage-length=0 -I../../AES_bsp/ps7_cortexa9_0/include -MMD -MP -MF"src/lab3_coprocessor.d" -MT"src/lab3_coprocessor.d" -o "src/lab3_coprocessor.o" "../src/lab3_coprocessor.c"
'Finished building: ../src/lab3_coprocessor.c'
' '
'Building target: AES.elf'
'Invoking: ARM gcc linker'
arm-xilinx-eabi-gcc -Wl,-T -Wl,../src/lscript.ld -L../../AES_bsp/ps7_cortexa9_0/lib -o "AES.elf"  ./src/lab3_coprocessor.o   -Wl,--start-group,-lxil,-lgcc,-lc,--end-group
'Finished building target: AES.elf'
' '
'Invoking: ARM Print Size'
arm-xilinx-eabi-size AES.elf  |tee "AES.elf.size"
   text	   data	    bss	    dec	    hex	filename
  32300	   1160	  31444	  64904	   fd88	AES.elf
'Finished building: AES.elf.size'
' '
02:45:35 **** Incremental Build of configuration Debug for project AES ****
make all 
make: Nothing to be done for `all'.
02:48:47 **** Auto Build of configuration Debug for project AES ****
make all 
'Building file: ../src/lab3_coprocessor.c'
'Invoking: ARM gcc compiler'
arm-xilinx-eabi-gcc -Wall -O0 -g3 -c -fmessage-length=0 -I../../AES_bsp/ps7_cortexa9_0/include -MMD -MP -MF"src/lab3_coprocessor.d" -MT"src/lab3_coprocessor.d" -o "src/lab3_coprocessor.o" "../src/lab3_coprocessor.c"
../src/lab3_coprocessor.c:340:1: warning: multi-line comment [-Wcomment]
 //#warning CHECK FOR THE VALID DDR ADDRESS IN XPARAMETERS.H, \
 ^
'Finished building: ../src/lab3_coprocessor.c'
' '
'Building target: AES.elf'
'Invoking: ARM gcc linker'
arm-xilinx-eabi-gcc -Wl,-T -Wl,../src/lscript.ld -L../../AES_bsp/ps7_cortexa9_0/lib -o "AES.elf"  ./src/lab3_coprocessor.o   -Wl,--start-group,-lxil,-lgcc,-lc,--end-group
'Finished building target: AES.elf'
' '
'Invoking: ARM Print Size'
arm-xilinx-eabi-size AES.elf  |tee "AES.elf.size"
   text	   data	    bss	    dec	    hex	filename
  32196	   1160	  31444	  64800	   fd20	AES.elf
'Finished building: AES.elf.size'
' '
02:49:00 **** Incremental Build of configuration Debug for project AES ****
make all 
make: Nothing to be done for `all'.
03:23:50 **** Auto Build of project AES_bsp ****
make -k all 
"Running Make include in ps7_cortexa9_0/libsrc/axidma_v8_0/src"
make -C ps7_cortexa9_0/libsrc/axidma_v8_0/src -s include  "SHELL=CMD" "COMPILER=arm-xilinx-eabi-gcc" "ARCHIVER=arm-xilinx-eabi-ar" "COMPILER_FLAGS=  -O2 -c" "EXTRA_COMPILER_FLAGS=-g"
"Running Make include in ps7_cortexa9_0/libsrc/cpu_cortexa9_v2_0/src"
make -C ps7_cortexa9_0/libsrc/cpu_cortexa9_v2_0/src -s include  "SHELL=CMD" "COMPILER=arm-xilinx-eabi-gcc" "ARCHIVER=arm-xilinx-eabi-ar" "COMPILER_FLAGS=  -O2 -c" "EXTRA_COMPILER_FLAGS=-g"
"Running Make include in ps7_cortexa9_0/libsrc/devcfg_v3_1/src"
make -C ps7_cortexa9_0/libsrc/devcfg_v3_1/src -s include  "SHELL=CMD" "COMPILER=arm-xilinx-eabi-gcc" "ARCHIVER=arm-xilinx-eabi-ar" "COMPILER_FLAGS=  -O2 -c" "EXTRA_COMPILER_FLAGS=-g"
"Running Make include in ps7_cortexa9_0/libsrc/dmaps_v2_0/src"
make -C ps7_cortexa9_0/libsrc/dmaps_v2_0/src -s include  "SHELL=CMD" "COMPILER=arm-xilinx-eabi-gcc" "ARCHIVER=arm-xilinx-eabi-ar" "COMPILER_FLAGS=  -O2 -c" "EXTRA_COMPILER_FLAGS=-g"
"Running Make include in ps7_cortexa9_0/libsrc/emacps_v2_0/src"
make -C ps7_cortexa9_0/libsrc/emacps_v2_0/src -s include  "SHELL=CMD" "COMPILER=arm-xilinx-eabi-gcc" "ARCHIVER=arm-xilinx-eabi-ar" "COMPILER_FLAGS=  -O2 -c" "EXTRA_COMPILER_FLAGS=-g"
"Running Make include in ps7_cortexa9_0/libsrc/gpiops_v2_1/src"
make -C ps7_cortexa9_0/libsrc/gpiops_v2_1/src -s include  "SHELL=CMD" "COMPILER=arm-xilinx-eabi-gcc" "ARCHIVER=arm-xilinx-eabi-ar" "COMPILER_FLAGS=  -O2 -c" "EXTRA_COMPILER_FLAGS=-g"
"Running Make include in ps7_cortexa9_0/libsrc/qspips_v3_0/src"
make -C ps7_cortexa9_0/libsrc/qspips_v3_0/src -s include  "SHELL=CMD" "COMPILER=arm-xilinx-eabi-gcc" "ARCHIVER=arm-xilinx-eabi-ar" "COMPILER_FLAGS=  -O2 -c" "EXTRA_COMPILER_FLAGS=-g"
"Running Make include in ps7_cortexa9_0/libsrc/scugic_v2_1/src"
make -C ps7_cortexa9_0/libsrc/scugic_v2_1/src -s include  "SHELL=CMD" "COMPILER=arm-xilinx-eabi-gcc" "ARCHIVER=arm-xilinx-eabi-ar" "COMPILER_FLAGS=  -O2 -c" "EXTRA_COMPILER_FLAGS=-g"
"Running Make include in ps7_cortexa9_0/libsrc/scutimer_v2_0/src"
make -C ps7_cortexa9_0/libsrc/scutimer_v2_0/src -s include  "SHELL=CMD" "COMPILER=arm-xilinx-eabi-gcc" "ARCHIVER=arm-xilinx-eabi-ar" "COMPILER_FLAGS=  -O2 -c" "EXTRA_COMPILER_FLAGS=-g"
"Running Make include in ps7_cortexa9_0/libsrc/scuwdt_v2_0/src"
make -C ps7_cortexa9_0/libsrc/scuwdt_v2_0/src -s include  "SHELL=CMD" "COMPILER=arm-xilinx-eabi-gcc" "ARCHIVER=arm-xilinx-eabi-ar" "COMPILER_FLAGS=  -O2 -c" "EXTRA_COMPILER_FLAGS=-g"
"Running Make include in ps7_cortexa9_0/libsrc/sdps_v2_1/src"
make -C ps7_cortexa9_0/libsrc/sdps_v2_1/src -s include  "SHELL=CMD" "COMPILER=arm-xilinx-eabi-gcc" "ARCHIVER=arm-xilinx-eabi-ar" "COMPILER_FLAGS=  -O2 -c" "EXTRA_COMPILER_FLAGS=-g"
"Running Make include in ps7_cortexa9_0/libsrc/standalone_v4_1/src"
make -C ps7_cortexa9_0/libsrc/standalone_v4_1/src -s include  "SHELL=CMD" "COMPILER=arm-xilinx-eabi-gcc" "ARCHIVER=arm-xilinx-eabi-ar" "COMPILER_FLAGS=  -O2 -c" "EXTRA_COMPILER_FLAGS=-g"
"Running Make include in ps7_cortexa9_0/libsrc/tft_v5_0/src"
make -C ps7_cortexa9_0/libsrc/tft_v5_0/src -s include  "SHELL=CMD" "COMPILER=arm-xilinx-eabi-gcc" "ARCHIVER=arm-xilinx-eabi-ar" "COMPILER_FLAGS=  -O2 -c" "EXTRA_COMPILER_FLAGS=-g"
"Running Make include in ps7_cortexa9_0/libsrc/ttcps_v2_0/src"
make -C ps7_cortexa9_0/libsrc/ttcps_v2_0/src -s include  "SHELL=CMD" "COMPILER=arm-xilinx-eabi-gcc" "ARCHIVER=arm-xilinx-eabi-ar" "COMPILER_FLAGS=  -O2 -c" "EXTRA_COMPILER_FLAGS=-g"
"Running Make include in ps7_cortexa9_0/libsrc/uartps_v2_1/src"
make -C ps7_cortexa9_0/libsrc/uartps_v2_1/src -s include  "SHELL=CMD" "COMPILER=arm-xilinx-eabi-gcc" "ARCHIVER=arm-xilinx-eabi-ar" "COMPILER_FLAGS=  -O2 -c" "EXTRA_COMPILER_FLAGS=-g"
"Running Make include in ps7_cortexa9_0/libsrc/usbps_v2_1/src"
make -C ps7_cortexa9_0/libsrc/usbps_v2_1/src -s include  "SHELL=CMD" "COMPILER=arm-xilinx-eabi-gcc" "ARCHIVER=arm-xilinx-eabi-ar" "COMPILER_FLAGS=  -O2 -c" "EXTRA_COMPILER_FLAGS=-g"
"Running Make include in ps7_cortexa9_0/libsrc/xadcps_v2_0/src"
make -C ps7_cortexa9_0/libsrc/xadcps_v2_0/src -s include  "SHELL=CMD" "COMPILER=arm-xilinx-eabi-gcc" "ARCHIVER=arm-xilinx-eabi-ar" "COMPILER_FLAGS=  -O2 -c" "EXTRA_COMPILER_FLAGS=-g"
"Running Make libs in ps7_cortexa9_0/libsrc/axidma_v8_0/src"
make -C ps7_cortexa9_0/libsrc/axidma_v8_0/src -s libs  "SHELL=CMD" "COMPILER=arm-xilinx-eabi-gcc" "ARCHIVER=arm-xilinx-eabi-ar" "COMPILER_FLAGS=  -O2 -c" "EXTRA_COMPILER_FLAGS=-g"
"Compiling axidma"
"Running Make libs in ps7_cortexa9_0/libsrc/cpu_cortexa9_v2_0/src"
make -C ps7_cortexa9_0/libsrc/cpu_cortexa9_v2_0/src -s libs  "SHELL=CMD" "COMPILER=arm-xilinx-eabi-gcc" "ARCHIVER=arm-xilinx-eabi-ar" "COMPILER_FLAGS=  -O2 -c" "EXTRA_COMPILER_FLAGS=-g"
"Compiling cpu_cortexa9"
"Running Make libs in ps7_cortexa9_0/libsrc/devcfg_v3_1/src"
make -C ps7_cortexa9_0/libsrc/devcfg_v3_1/src -s libs  "SHELL=CMD" "COMPILER=arm-xilinx-eabi-gcc" "ARCHIVER=arm-xilinx-eabi-ar" "COMPILER_FLAGS=  -O2 -c" "EXTRA_COMPILER_FLAGS=-g"
"Compiling devcfg"
"Running Make libs in ps7_cortexa9_0/libsrc/dmaps_v2_0/src"
make -C ps7_cortexa9_0/libsrc/dmaps_v2_0/src -s libs  "SHELL=CMD" "COMPILER=arm-xilinx-eabi-gcc" "ARCHIVER=arm-xilinx-eabi-ar" "COMPILER_FLAGS=  -O2 -c" "EXTRA_COMPILER_FLAGS=-g"
"Compiling dmaps"
"Running Make libs in ps7_cortexa9_0/libsrc/emacps_v2_0/src"
make -C ps7_cortexa9_0/libsrc/emacps_v2_0/src -s libs  "SHELL=CMD" "COMPILER=arm-xilinx-eabi-gcc" "ARCHIVER=arm-xilinx-eabi-ar" "COMPILER_FLAGS=  -O2 -c" "EXTRA_COMPILER_FLAGS=-g"
"Compiling emacps"
"Running Make libs in ps7_cortexa9_0/libsrc/gpiops_v2_1/src"
make -C ps7_cortexa9_0/libsrc/gpiops_v2_1/src -s libs  "SHELL=CMD" "COMPILER=arm-xilinx-eabi-gcc" "ARCHIVER=arm-xilinx-eabi-ar" "COMPILER_FLAGS=  -O2 -c" "EXTRA_COMPILER_FLAGS=-g"
"Compiling gpiops"
"Running Make libs in ps7_cortexa9_0/libsrc/qspips_v3_0/src"
make -C ps7_cortexa9_0/libsrc/qspips_v3_0/src -s libs  "SHELL=CMD" "COMPILER=arm-xilinx-eabi-gcc" "ARCHIVER=arm-xilinx-eabi-ar" "COMPILER_FLAGS=  -O2 -c" "EXTRA_COMPILER_FLAGS=-g"
"Compiling qspips"
"Running Make libs in ps7_cortexa9_0/libsrc/scugic_v2_1/src"
make -C ps7_cortexa9_0/libsrc/scugic_v2_1/src -s libs  "SHELL=CMD" "COMPILER=arm-xilinx-eabi-gcc" "ARCHIVER=arm-xilinx-eabi-ar" "COMPILER_FLAGS=  -O2 -c" "EXTRA_COMPILER_FLAGS=-g"
"Compiling scugic"
"Running Make libs in ps7_cortexa9_0/libsrc/scutimer_v2_0/src"
make -C ps7_cortexa9_0/libsrc/scutimer_v2_0/src -s libs  "SHELL=CMD" "COMPILER=arm-xilinx-eabi-gcc" "ARCHIVER=arm-xilinx-eabi-ar" "COMPILER_FLAGS=  -O2 -c" "EXTRA_COMPILER_FLAGS=-g"
"Compiling scutimer"
"Running Make libs in ps7_cortexa9_0/libsrc/scuwdt_v2_0/src"
[...]
  volatile u32 CntValue1,CntValue2;
                         ^
../src/lab3_coprocessor.c:376:15: warning: unused variable 'CntValue1' [-Wunused-variable]
  volatile u32 CntValue1,CntValue2;
               ^
../src/lab3_coprocessor.c:372:6: warning: unused variable 'cnt' [-Wunused-variable]
  int cnt=0;
      ^
../src/lab3_coprocessor.c: In function 'Tft4218Example':
../src/lab3_coprocessor.c:476:17: warning: unused variable 'c' [-Wunused-variable]
   unsigned char c;
                 ^
../src/lab3_coprocessor.c:474:17: warning: unused variable 'col' [-Wunused-variable]
   unsigned int *col;
                 ^
../src/lab3_coprocessor.c: At top level:
../src/lab3_coprocessor.c:86:12: warning: 'CheckData' declared 'static' but never defined [-Wunused-function]
 static int CheckData(u32 cur_indx);
            ^
make: *** [src/lab3_coprocessor.o] ´íÎó 1
09:27:03 **** Auto Build of configuration Debug for project AES ****
make all 
'Building file: ../src/lab3_coprocessor.c'
'Invoking: ARM gcc compiler'
arm-xilinx-eabi-gcc -Wall -O0 -g3 -c -fmessage-length=0 -I../../AES_bsp/ps7_cortexa9_0/include -MMD -MP -MF"src/lab3_coprocessor.d" -MT"src/lab3_coprocessor.d" -o "src/lab3_coprocessor.o" "../src/lab3_coprocessor.c"
../src/lab3_coprocessor.c: In function 'main':
../src/lab3_coprocessor.c:115:18: warning: unused variable 'cipherkey' [-Wunused-variable]
    unsigned char cipherkey[16];
                  ^
../src/lab3_coprocessor.c: In function 'send_key':
../src/lab3_coprocessor.c:251:7: warning: unused variable 'Value' [-Wunused-variable]
   u32 Value;
       ^
../src/lab3_coprocessor.c: In function 'XAxiDma_SimplePollExample':
../src/lab3_coprocessor.c:390:7: error: redeclaration of 'Status' with no linkage
   int Status;
       ^
../src/lab3_coprocessor.c:375:6: note: previous declaration of 'Status' was here
  int Status;
      ^
../src/lab3_coprocessor.c:389:19: warning: unused variable 'CfgPtr' [-Wunused-variable]
   XAxiDma_Config *CfgPtr;
                   ^
../src/lab3_coprocessor.c:376:25: warning: unused variable 'CntValue2' [-Wunused-variable]
  volatile u32 CntValue1,CntValue2;
                         ^
../src/lab3_coprocessor.c:376:15: warning: variable 'CntValue1' set but not used [-Wunused-but-set-variable]
  volatile u32 CntValue1,CntValue2;
               ^
../src/lab3_coprocessor.c:372:6: warning: unused variable 'cnt' [-Wunused-variable]
  int cnt=0;
      ^
../src/lab3_coprocessor.c: In function 'Tft4218Example':
../src/lab3_coprocessor.c:490:17: warning: unused variable 'c' [-Wunused-variable]
   unsigned char c;
                 ^
../src/lab3_coprocessor.c:488:17: warning: unused variable 'col' [-Wunused-variable]
   unsigned int *col;
                 ^
../src/lab3_coprocessor.c: At top level:
../src/lab3_coprocessor.c:86:12: warning: 'CheckData' declared 'static' but never defined [-Wunused-function]
 static int CheckData(u32 cur_indx);
            ^
make: *** [src/lab3_coprocessor.o] ´íÎó 1
09:29:57 **** Auto Build of configuration Debug for project AES ****
make all 
'Building file: ../src/lab3_coprocessor.c'
'Invoking: ARM gcc compiler'
arm-xilinx-eabi-gcc -Wall -O0 -g3 -c -fmessage-length=0 -I../../AES_bsp/ps7_cortexa9_0/include -MMD -MP -MF"src/lab3_coprocessor.d" -MT"src/lab3_coprocessor.d" -o "src/lab3_coprocessor.o" "../src/lab3_coprocessor.c"
../src/lab3_coprocessor.c: In function 'main':
../src/lab3_coprocessor.c:115:18: warning: unused variable 'cipherkey' [-Wunused-variable]
    unsigned char cipherkey[16];
                  ^
../src/lab3_coprocessor.c: In function 'send_key':
../src/lab3_coprocessor.c:251:7: warning: unused variable 'Value' [-Wunused-variable]
   u32 Value;
       ^
../src/lab3_coprocessor.c: In function 'XAxiDma_SimplePollExample':
../src/lab3_coprocessor.c:390:7: error: redeclaration of 'Status' with no linkage
   int Status;
       ^
../src/lab3_coprocessor.c:375:6: note: previous declaration of 'Status' was here
  int Status;
      ^
../src/lab3_coprocessor.c:389:19: warning: unused variable 'CfgPtr' [-Wunused-variable]
   XAxiDma_Config *CfgPtr;
                   ^
../src/lab3_coprocessor.c:376:25: warning: unused variable 'CntValue2' [-Wunused-variable]
  volatile u32 CntValue1,CntValue2;
                         ^
../src/lab3_coprocessor.c:372:6: warning: unused variable 'cnt' [-Wunused-variable]
  int cnt=0;
      ^
../src/lab3_coprocessor.c: In function 'Tft4218Example':
../src/lab3_coprocessor.c:494:17: warning: unused variable 'c' [-Wunused-variable]
   unsigned char c;
                 ^
../src/lab3_coprocessor.c:492:17: warning: unused variable 'col' [-Wunused-variable]
   unsigned int *col;
                 ^
../src/lab3_coprocessor.c: At top level:
../src/lab3_coprocessor.c:86:12: warning: 'CheckData' declared 'static' but never defined [-Wunused-function]
 static int CheckData(u32 cur_indx);
            ^
make: *** [src/lab3_coprocessor.o] ´íÎó 1
09:30:07 **** Auto Build of configuration Debug for project AES ****
make all 
'Building file: ../src/lab3_coprocessor.c'
'Invoking: ARM gcc compiler'
arm-xilinx-eabi-gcc -Wall -O0 -g3 -c -fmessage-length=0 -I../../AES_bsp/ps7_cortexa9_0/include -MMD -MP -MF"src/lab3_coprocessor.d" -MT"src/lab3_coprocessor.d" -o "src/lab3_coprocessor.o" "../src/lab3_coprocessor.c"
../src/lab3_coprocessor.c: In function 'main':
../src/lab3_coprocessor.c:115:18: warning: unused variable 'cipherkey' [-Wunused-variable]
    unsigned char cipherkey[16];
                  ^
../src/lab3_coprocessor.c: In function 'send_key':
../src/lab3_coprocessor.c:251:7: warning: unused variable 'Value' [-Wunused-variable]
   u32 Value;
       ^
../src/lab3_coprocessor.c: In function 'XAxiDma_SimplePollExample':
../src/lab3_coprocessor.c:389:19: warning: unused variable 'CfgPtr' [-Wunused-variable]
   XAxiDma_Config *CfgPtr;
                   ^
../src/lab3_coprocessor.c:376:25: warning: unused variable 'CntValue2' [-Wunused-variable]
  volatile u32 CntValue1,CntValue2;
                         ^
../src/lab3_coprocessor.c:372:6: warning: unused variable 'cnt' [-Wunused-variable]
  int cnt=0;
      ^
../src/lab3_coprocessor.c: In function 'Tft4218Example':
../src/lab3_coprocessor.c:494:17: warning: unused variable 'c' [-Wunused-variable]
   unsigned char c;
                 ^
../src/lab3_coprocessor.c:492:17: warning: unused variable 'col' [-Wunused-variable]
   unsigned int *col;
                 ^
../src/lab3_coprocessor.c: At top level:
../src/lab3_coprocessor.c:86:12: warning: 'CheckData' declared 'static' but never defined [-Wunused-function]
 static int CheckData(u32 cur_indx);
            ^
'Finished building: ../src/lab3_coprocessor.c'
' '
'Building target: AES.elf'
'Invoking: ARM gcc linker'
arm-xilinx-eabi-gcc -Wl,-T -Wl,../src/lscript.ld -L../../AES_bsp/ps7_cortexa9_0/lib -o "AES.elf"  ./src/lab3_coprocessor.o   -Wl,--start-group,-lxil,-lgcc,-lc,--end-group
'Finished building target: AES.elf'
' '
'Invoking: ARM Print Size'
arm-xilinx-eabi-size AES.elf  |tee "AES.elf.size"
   text	   data	    bss	    dec	    hex	filename
  40616	   2336	  62228	 105180	  19adc	AES.elf
'Finished building: AES.elf.size'
' '
09:32:21 **** Auto Build of configuration Debug for project AES ****
make all 
'Building file: ../src/lab3_coprocessor.c'
'Invoking: ARM gcc compiler'
arm-xilinx-eabi-gcc -Wall -O0 -g3 -c -fmessage-length=0 -I../../AES_bsp/ps7_cortexa9_0/include -MMD -MP -MF"src/lab3_coprocessor.d" -MT"src/lab3_coprocessor.d" -o "src/lab3_coprocessor.o" "../src/lab3_coprocessor.c"
../src/lab3_coprocessor.c: In function 'main':
../src/lab3_coprocessor.c:115:18: warning: unused variable 'cipherkey' [-Wunused-variable]
    unsigned char cipherkey[16];
                  ^
../src/lab3_coprocessor.c: In function 'send_key':
../src/lab3_coprocessor.c:251:7: warning: unused variable 'Value' [-Wunused-variable]
   u32 Value;
       ^
../src/lab3_coprocessor.c: In function 'XAxiDma_SimplePollExample':
../src/lab3_coprocessor.c:389:19: warning: unused variable 'CfgPtr' [-Wunused-variable]
   XAxiDma_Config *CfgPtr;
                   ^
../src/lab3_coprocessor.c:376:25: warning: unused variable 'CntValue2' [-Wunused-variable]
  volatile u32 CntValue1,CntValue2;
                         ^
../src/lab3_coprocessor.c:372:6: warning: unused variable 'cnt' [-Wunused-variable]
  int cnt=0;
      ^
../src/lab3_coprocessor.c: In function 'Tft4218Example':
../src/lab3_coprocessor.c:489:17: warning: unused variable 'c' [-Wunused-variable]
   unsigned char c;
                 ^
../src/lab3_coprocessor.c:487:17: warning: unused variable 'col' [-Wunused-variable]
   unsigned int *col;
                 ^
../src/lab3_coprocessor.c: At top level:
../src/lab3_coprocessor.c:86:12: warning: 'CheckData' declared 'static' but never defined [-Wunused-function]
 static int CheckData(u32 cur_indx);
            ^
'Finished building: ../src/lab3_coprocessor.c'
' '
'Building target: AES.elf'
'Invoking: ARM gcc linker'
arm-xilinx-eabi-gcc -Wl,-T -Wl,../src/lscript.ld -L../../AES_bsp/ps7_cortexa9_0/lib -o "AES.elf"  ./src/lab3_coprocessor.o   -Wl,--start-group,-lxil,-lgcc,-lc,--end-group
'Finished building target: AES.elf'
' '
'Invoking: ARM Print Size'
arm-xilinx-eabi-size AES.elf  |tee "AES.elf.size"
   text	   data	    bss	    dec	    hex	filename
  40616	   2336	  62228	 105180	  19adc	AES.elf
'Finished building: AES.elf.size'
' '
09:43:15 **** Incremental Build of configuration Debug for project AES ****
make all 
make: Nothing to be done for `all'.
09:50:45 **** Auto Build of configuration Debug for project AES ****
make all 
'Building file: ../src/lab3_coprocessor.c'
'Invoking: ARM gcc compiler'
arm-xilinx-eabi-gcc -Wall -O0 -g3 -c -fmessage-length=0 -I../../AES_bsp/ps7_cortexa9_0/include -MMD -MP -MF"src/lab3_coprocessor.d" -MT"src/lab3_coprocessor.d" -o "src/lab3_coprocessor.o" "../src/lab3_coprocessor.c"
../src/lab3_coprocessor.c: In function 'main':
../src/lab3_coprocessor.c:115:18: warning: unused variable 'cipherkey' [-Wunused-variable]
    unsigned char cipherkey[16];
                  ^
../src/lab3_coprocessor.c: In function 'send_key':
../src/lab3_coprocessor.c:234:7: warning: unused variable 'Value' [-Wunused-variable]
   u32 Value;
       ^
../src/lab3_coprocessor.c: In function 'XAxiDma_SimplePollExample':
../src/lab3_coprocessor.c:335:19: warning: unused variable 'CfgPtr' [-Wunused-variable]
   XAxiDma_Config *CfgPtr;
                   ^
../src/lab3_coprocessor.c:322:25: warning: unused variable 'CntValue2' [-Wunused-variable]
  volatile u32 CntValue1,CntValue2;
                         ^
../src/lab3_coprocessor.c:318:6: warning: unused variable 'cnt' [-Wunused-variable]
  int cnt=0;
      ^
../src/lab3_coprocessor.c: In function 'Tft4218Example':
../src/lab3_coprocessor.c:435:17: warning: unused variable 'c' [-Wunused-variable]
   unsigned char c;
                 ^
../src/lab3_coprocessor.c:433:17: warning: unused variable 'col' [-Wunused-variable]
   unsigned int *col;
                 ^
../src/lab3_coprocessor.c: At top level:
../src/lab3_coprocessor.c:86:12: warning: 'CheckData' declared 'static' but never defined [-Wunused-function]
 static int CheckData(u32 cur_indx);
            ^
'Finished building: ../src/lab3_coprocessor.c'
' '
'Building target: AES.elf'
'Invoking: ARM gcc linker'
arm-xilinx-eabi-gcc -Wl,-T -Wl,../src/lscript.ld -L../../AES_bsp/ps7_cortexa9_0/lib -o "AES.elf"  ./src/lab3_coprocessor.o   -Wl,--start-group,-lxil,-lgcc,-lc,--end-group
'Finished building target: AES.elf'
' '
'Invoking: ARM Print Size'
arm-xilinx-eabi-size AES.elf  |tee "AES.elf.size"
   text	   data	    bss	    dec	    hex	filename
  40540	   2336	  62228	 105104	  19a90	AES.elf
'Finished building: AES.elf.size'
' '
09:51:58 **** Incremental Build of configuration Debug for project AES ****
make all 
make: Nothing to be done for `all'.
09:52:41 **** Auto Build of configuration Debug for project AES ****
make all 
'Building file: ../src/lab3_coprocessor.c'
'Invoking: ARM gcc compiler'
arm-xilinx-eabi-gcc -Wall -O0 -g3 -c -fmessage-length=0 -I../../AES_bsp/ps7_cortexa9_0/include -MMD -MP -MF"src/lab3_coprocessor.d" -MT"src/lab3_coprocessor.d" -o "src/lab3_coprocessor.o" "../src/lab3_coprocessor.c"
../src/lab3_coprocessor.c: In function 'main':
../src/lab3_coprocessor.c:115:18: warning: unused variable 'cipherkey' [-Wunused-variable]
    unsigned char cipherkey[16];
                  ^
../src/lab3_coprocessor.c: In function 'send_key':
../src/lab3_coprocessor.c:234:7: warning: unused variable 'Value' [-Wunused-variable]
   u32 Value;
       ^
../src/lab3_coprocessor.c: In function 'XAxiDma_SimplePollExample':
../src/lab3_coprocessor.c:335:19: warning: unused variable 'CfgPtr' [-Wunused-variable]
   XAxiDma_Config *CfgPtr;
                   ^
../src/lab3_coprocessor.c:322:25: warning: unused variable 'CntValue2' [-Wunused-variable]
  volatile u32 CntValue1,CntValue2;
                         ^
../src/lab3_coprocessor.c:318:6: warning: unused variable 'cnt' [-Wunused-variable]
  int cnt=0;
      ^
../src/lab3_coprocessor.c: In function 'Tft4218Example':
../src/lab3_coprocessor.c:435:17: warning: unused variable 'c' [-Wunused-variable]
   unsigned char c;
                 ^
../src/lab3_coprocessor.c:433:17: warning: unused variable 'col' [-Wunused-variable]
   unsigned int *col;
                 ^
../src/lab3_coprocessor.c: At top level:
../src/lab3_coprocessor.c:86:12: warning: 'CheckData' declared 'static' but never defined [-Wunused-function]
 static int CheckData(u32 cur_indx);
            ^
'Finished building: ../src/lab3_coprocessor.c'
' '
'Building target: AES.elf'
'Invoking: ARM gcc linker'
arm-xilinx-eabi-gcc -Wl,-T -Wl,../src/lscript.ld -L../../AES_bsp/ps7_cortexa9_0/lib -o "AES.elf"  ./src/lab3_coprocessor.o   -Wl,--start-group,-lxil,-lgcc,-lc,--end-group
'Finished building target: AES.elf'
' '
'Invoking: ARM Print Size'
arm-xilinx-eabi-size AES.elf  |tee "AES.elf.size"
   text	   data	    bss	    dec	    hex	filename
  40464	   2336	  62228	 105028	  19a44	AES.elf
'Finished building: AES.elf.size'
' '
09:54:30 **** Auto Build of configuration Debug for project AES ****
make all 
'Building file: ../src/lab3_coprocessor.c'
'Invoking: ARM gcc compiler'
arm-xilinx-eabi-gcc -Wall -O0 -g3 -c -fmessage-length=0 -I../../AES_bsp/ps7_cortexa9_0/include -MMD -MP -MF"src/lab3_coprocessor.d" -MT"src/lab3_coprocessor.d" -o "src/lab3_coprocessor.o" "../src/lab3_coprocessor.c"
../src/lab3_coprocessor.c: In function 'XAxiDma_SimplePollExample':
../src/lab3_coprocessor.c:312:19: warning: unused variable 'CfgPtr' [-Wunused-variable]
   XAxiDma_Config *CfgPtr;
                   ^
../src/lab3_coprocessor.c:299:25: warning: unused variable 'CntValue2' [-Wunused-variable]
  volatile u32 CntValue1,CntValue2;
                         ^
../src/lab3_coprocessor.c:295:6: warning: unused variable 'cnt' [-Wunused-variable]
  int cnt=0;
      ^
../src/lab3_coprocessor.c: In function 'Tft4218Example':
../src/lab3_coprocessor.c:407:17: warning: unused variable 'c' [-Wunused-variable]
   unsigned char c;
                 ^
../src/lab3_coprocessor.c:405:17: warning: unused variable 'col' [-Wunused-variable]
   unsigned int *col;
                 ^
'Finished building: ../src/lab3_coprocessor.c'
' '
'Building target: AES.elf'
'Invoking: ARM gcc linker'
arm-xilinx-eabi-gcc -Wl,-T -Wl,../src/lscript.ld -L../../AES_bsp/ps7_cortexa9_0/lib -o "AES.elf"  ./src/lab3_coprocessor.o   -Wl,--start-group,-lxil,-lgcc,-lc,--end-group
'Finished building target: AES.elf'
' '
'Invoking: ARM Print Size'
arm-xilinx-eabi-size AES.elf  |tee "AES.elf.size"
   text	   data	    bss	    dec	    hex	filename
  40464	   2336	  62228	 105028	  19a44	AES.elf
'Finished building: AES.elf.size'
' '
09:55:46 **** Auto Build of configuration Debug for project AES ****
make all 
'Building file: ../src/lab3_coprocessor.c'
'Invoking: ARM gcc compiler'
arm-xilinx-eabi-gcc -Wall -O0 -g3 -c -fmessage-length=0 -I../../AES_bsp/ps7_cortexa9_0/include -MMD -MP -MF"src/lab3_coprocessor.d" -MT"src/lab3_coprocessor.d" -o "src/lab3_coprocessor.o" "../src/lab3_coprocessor.c"
../src/lab3_coprocessor.c: In function 'XAxiDma_SimplePollExample':
../src/lab3_coprocessor.c:312:19: warning: unused variable 'CfgPtr' [-Wunused-variable]
   XAxiDma_Config *CfgPtr;
                   ^
../src/lab3_coprocessor.c:299:25: warning: unused variable 'CntValue2' [-Wunused-variable]
  volatile u32 CntValue1,CntValue2;
                         ^
../src/lab3_coprocessor.c:295:6: warning: unused variable 'cnt' [-Wunused-variable]
  int cnt=0;
      ^
../src/lab3_coprocessor.c: In function 'Tft4218Example':
../src/lab3_coprocessor.c:407:17: warning: unused variable 'c' [-Wunused-variable]
   unsigned char c;
                 ^
../src/lab3_coprocessor.c:405:17: warning: unused variable 'col' [-Wunused-variable]
   unsigned int *col;
                 ^
'Finished building: ../src/lab3_coprocessor.c'
' '
'Building target: AES.elf'
'Invoking: ARM gcc linker'
arm-xilinx-eabi-gcc -Wl,-T -Wl,../src/lscript.ld -L../../AES_bsp/ps7_cortexa9_0/lib -o "AES.elf"  ./src/lab3_coprocessor.o   -Wl,--start-group,-lxil,-lgcc,-lc,--end-group
'Finished building target: AES.elf'
' '
'Invoking: ARM Print Size'
arm-xilinx-eabi-size AES.elf  |tee "AES.elf.size"
   text	   data	    bss	    dec	    hex	filename
  40464	   2336	  62228	 105028	  19a44	AES.elf
'Finished building: AES.elf.size'
' '
09:55:59 **** Incremental Build of configuration Debug for project AES ****
make all 
make: Nothing to be done for `all'.
09:56:19 **** Incremental Build of configuration Debug for project AES ****
make all 
make: Nothing to be done for `all'.
09:57:14 **** Incremental Build of configuration Debug for project AES ****
make all 
make: Nothing to be done for `all'.
10:16:20 **** Incremental Build of configuration Debug for project AES ****
make all 
make: Nothing to be done for `all'.
10:17:49 **** Auto Build of configuration Debug for project AES ****
make all 
'Building file: ../src/lab3_coprocessor.c'
'Invoking: ARM gcc compiler'
arm-xilinx-eabi-gcc -Wall -O0 -g3 -c -fmessage-length=0 -I../../AES_bsp/ps7_cortexa9_0/include -MMD -MP -MF"src/lab3_coprocessor.d" -MT"src/lab3_coprocessor.d" -o "src/lab3_coprocessor.o" "../src/lab3_coprocessor.c"
../src/lab3_coprocessor.c: In function 'XAxiDma_SimplePollExample':
../src/lab3_coprocessor.c:308:19: warning: unused variable 'CfgPtr' [-Wunused-variable]
   XAxiDma_Config *CfgPtr;
                   ^
../src/lab3_coprocessor.c:295:25: warning: unused variable 'CntValue2' [-Wunused-variable]
  volatile u32 CntValue1,CntValue2;
                         ^
../src/lab3_coprocessor.c:291:6: warning: unused variable 'cnt' [-Wunused-variable]
  int cnt=0;
      ^
../src/lab3_coprocessor.c: In function 'Tft4218Example':
../src/lab3_coprocessor.c:400:17: warning: unused variable 'c' [-Wunused-variable]
   unsigned char c;
                 ^
../src/lab3_coprocessor.c:398:17: warning: unused variable 'col' [-Wunused-variable]
   unsigned int *col;
                 ^
'Finished building: ../src/lab3_coprocessor.c'
' '
'Building target: AES.elf'
'Invoking: ARM gcc linker'
arm-xilinx-eabi-gcc -Wl,-T -Wl,../src/lscript.ld -L../../AES_bsp/ps7_cortexa9_0/lib -o "AES.elf"  ./src/lab3_coprocessor.o   -Wl,--start-group,-lxil,-lgcc,-lc,--end-group
'Finished building target: AES.elf'
' '
'Invoking: ARM Print Size'
arm-xilinx-eabi-size AES.elf  |tee "AES.elf.size"
   text	   data	    bss	    dec	    hex	filename
  40396	   2336	  62228	 104960	  19a00	AES.elf
'Finished building: AES.elf.size'
' '
11:09:38 **** Incremental Build of configuration Debug for project AES ****
make all 
make: Nothing to be done for `all'.
11:22:50 **** Incremental Build of configuration Debug for project AES ****
make all 
make: Nothing to be done for `all'.
11:50:15 **** Incremental Build of configuration Debug for project AES ****
make all 
make: Nothing to be done for `all'.
11:58:43 **** Incremental Build of configuration Debug for project AES ****
make all 
make: Nothing to be done for `all'.
