20:56:24 **** Auto Build of configuration Debug for project AES128 ****
make all 
'Building file: ../lab3_vga.c'
'Invoking: ARM gcc compiler'
arm-xilinx-eabi-gcc -Wall -O0 -g3 -c -fmessage-length=0 -I../../AES128_bsp/ps7_cortexa9_0/include -MMD -MP -MF"lab3_vga.d" -MT"lab3_vga.d" -o "lab3_vga.o" "../lab3_vga.c"
'Finished building: ../lab3_vga.c'
' '
'Building target: AES128.elf'
'Invoking: ARM gcc linker'
arm-xilinx-eabi-gcc -Wl,-T -Wl,../src/lscript.ld -L../../AES128_bsp/ps7_cortexa9_0/lib -o "AES128.elf"  ./lab3_vga.o   -Wl,--start-group,-lxil,-lgcc,-lc,--end-group
'Finished building target: AES128.elf'
' '
'Invoking: ARM Print Size'
arm-xilinx-eabi-size AES128.elf  |tee "AES128.elf.size"
   text	   data	    bss	    dec	    hex	filename
  40268	   2336	  62228	 104832	  19980	AES128.elf
'Finished building: AES128.elf.size'
' '

20:56:34 Build Finished (took 9s.645ms)

